start 2026-10-08 09:42:26 CST
r2f-e4-p2-s17-r1cfg-r01 [atm/mp] procs=2 intents=34 oracle_correct=24 lost=0 wall_clock_ms=556.01 cas_conflicts=30
r2f-e4-p2-s17-slock-r01 [atm/mp] procs=2 intents=34 oracle_correct=21 lost=0 wall_clock_ms=574.59 cas_conflicts=32
r2f-e4-p2-s17-r1cfg-r02 [atm/mp] procs=2 intents=34 oracle_correct=19 lost=0 wall_clock_ms=739.25 cas_conflicts=25
r2f-e4-p2-s17-slock-r02 [atm/mp] procs=2 intents=34 oracle_correct=22 lost=0 wall_clock_ms=553.12 cas_conflicts=32
r2f-e4-p2-s17-r1cfg-r03 [atm/mp] procs=2 intents=34 oracle_correct=22 lost=0 wall_clock_ms=529.78 cas_conflicts=26
r2f-e4-p2-s17-slock-r03 [atm/mp] procs=2 intents=34 oracle_correct=25 lost=0 wall_clock_ms=553.19 cas_conflicts=35
r2f-e4-p2-s17-r1cfg-r04 [atm/mp] procs=2 intents=34 oracle_correct=21 lost=0 wall_clock_ms=504.97 cas_conflicts=43
r2f-e4-p2-s17-slock-r04 [atm/mp] procs=2 intents=34 oracle_correct=22 lost=0 wall_clock_ms=612.66 cas_conflicts=30
r2f-e4-p2-s17-r1cfg-r05 [atm/mp] procs=2 intents=34 oracle_correct=21 lost=0 wall_clock_ms=569.68 cas_conflicts=50
r2f-e4-p2-s17-slock-r05 [atm/mp] procs=2 intents=34 oracle_correct=20 lost=0 wall_clock_ms=526.18 cas_conflicts=34
r2f-e4-p2-s17-r1cfg-r06 [atm/mp] procs=2 intents=34 oracle_correct=21 lost=0 wall_clock_ms=556.73 cas_conflicts=62
r2f-e4-p2-s17-slock-r06 [atm/mp] procs=2 intents=34 oracle_correct=23 lost=0 wall_clock_ms=530.81 cas_conflicts=31
r2f-e4-p2-s17-r1cfg-r07 [atm/mp] procs=2 intents=34 oracle_correct=23 lost=0 wall_clock_ms=596 cas_conflicts=39
r2f-e4-p2-s17-slock-r07 [atm/mp] procs=2 intents=34 oracle_correct=22 lost=0 wall_clock_ms=621.29 cas_conflicts=42
r2f-e4-p2-s17-r1cfg-r08 [atm/mp] procs=2 intents=34 oracle_correct=21 lost=0 wall_clock_ms=503.86 cas_conflicts=44
r2f-e4-p2-s17-slock-r08 [atm/mp] procs=2 intents=34 oracle_correct=22 lost=0 wall_clock_ms=707.74 cas_conflicts=35
r2f-e4-p2-s17-r1cfg-r09 [atm/mp] procs=2 intents=34 oracle_correct=24 lost=0 wall_clock_ms=616.64 cas_conflicts=31
r2f-e4-p2-s17-slock-r09 [atm/mp] procs=2 intents=34 oracle_correct=25 lost=0 wall_clock_ms=629.61 cas_conflicts=27
r2f-e4-p2-s17-r1cfg-r10 [atm/mp] procs=2 intents=34 oracle_correct=22 lost=0 wall_clock_ms=468.39 cas_conflicts=22
r2f-e4-p2-s17-slock-r10 [atm/mp] procs=2 intents=34 oracle_correct=20 lost=0 wall_clock_ms=514.12 cas_conflicts=28
r2f-e4-p2-s17-r1cfg-r11 [atm/mp] procs=2 intents=34 oracle_correct=21 lost=0 wall_clock_ms=653.91 cas_conflicts=92
r2f-e4-p2-s17-slock-r11 [atm/mp] procs=2 intents=34 oracle_correct=24 lost=0 wall_clock_ms=557.88 cas_conflicts=22
r2f-e4-p2-s17-r1cfg-r12 [atm/mp] procs=2 intents=34 oracle_correct=20 lost=0 wall_clock_ms=524.68 cas_conflicts=55
r2f-e4-p2-s17-slock-r12 [atm/mp] procs=2 intents=34 oracle_correct=21 lost=0 wall_clock_ms=599.13 cas_conflicts=36
r2f-e4-p2-s17-r1cfg-r13 [atm/mp] procs=2 intents=34 oracle_correct=21 lost=0 wall_clock_ms=590.54 cas_conflicts=28
r2f-e4-p2-s17-slock-r13 [atm/mp] procs=2 intents=34 oracle_correct=23 lost=0 wall_clock_ms=565.89 cas_conflicts=26
r2f-e4-p2-s17-r1cfg-r14 [atm/mp] procs=2 intents=34 oracle_correct=20 lost=0 wall_clock_ms=734.17 cas_conflicts=53
r2f-e4-p2-s17-slock-r14 [atm/mp] procs=2 intents=34 oracle_correct=20 lost=0 wall_clock_ms=552.68 cas_conflicts=39
r2f-e4-p2-s17-r1cfg-r15 [atm/mp] procs=2 intents=34 oracle_correct=21 lost=0 wall_clock_ms=529.35 cas_conflicts=54
r2f-e4-p2-s17-slock-r15 [atm/mp] procs=2 intents=34 oracle_correct=21 lost=0 wall_clock_ms=547.06 cas_conflicts=14
r2f-e4-p2-s17-r1cfg-r16 [atm/mp] procs=2 intents=34 oracle_correct=21 lost=0 wall_clock_ms=688.95 cas_conflicts=132
r2f-e4-p2-s17-slock-r16 [atm/mp] procs=2 intents=34 oracle_correct=27 lost=0 wall_clock_ms=620.75 cas_conflicts=18
r2f-e4-p2-s17-r1cfg-r17 [atm/mp] procs=2 intents=34 oracle_correct=20 lost=0 wall_clock_ms=433.04 cas_conflicts=55
r2f-e4-p2-s17-slock-r17 [atm/mp] procs=2 intents=34 oracle_correct=25 lost=0 wall_clock_ms=631.19 cas_conflicts=33
r2f-e4-p2-s17-r1cfg-r18 [atm/mp] procs=2 intents=34 oracle_correct=21 lost=0 wall_clock_ms=647.45 cas_conflicts=46
r2f-e4-p2-s17-slock-r18 [atm/mp] procs=2 intents=34 oracle_correct=22 lost=0 wall_clock_ms=758.68 cas_conflicts=27
r2f-e4-p2-s17-r1cfg-r19 [atm/mp] procs=2 intents=34 oracle_correct=22 lost=0 wall_clock_ms=605.68 cas_conflicts=40
r2f-e4-p2-s17-slock-r19 [atm/mp] procs=2 intents=34 oracle_correct=23 lost=0 wall_clock_ms=570.74 cas_conflicts=23
r2f-e4-p2-s17-r1cfg-r20 [atm/mp] procs=2 intents=34 oracle_correct=24 lost=0 wall_clock_ms=712.78 cas_conflicts=15
r2f-e4-p2-s17-slock-r20 [atm/mp] procs=2 intents=34 oracle_correct=22 lost=0 wall_clock_ms=669.02 cas_conflicts=40
r2f-e4-p2-s17-r1cfg-r21 [atm/mp] procs=2 intents=34 oracle_correct=20 lost=0 wall_clock_ms=555.31 cas_conflicts=42
r2f-e4-p2-s17-slock-r21 [atm/mp] procs=2 intents=34 oracle_correct=21 lost=0 wall_clock_ms=588.17 cas_conflicts=30
r2f-e4-p2-s17-r1cfg-r22 [atm/mp] procs=2 intents=34 oracle_correct=23 lost=0 wall_clock_ms=536.53 cas_conflicts=31
r2f-e4-p2-s17-slock-r22 [atm/mp] procs=2 intents=34 oracle_correct=23 lost=0 wall_clock_ms=686.24 cas_conflicts=31
r2f-e4-p2-s17-r1cfg-r23 [atm/mp] procs=2 intents=34 oracle_correct=21 lost=0 wall_clock_ms=523.37 cas_conflicts=50
r2f-e4-p2-s17-slock-r23 [atm/mp] procs=2 intents=34 oracle_correct=25 lost=0 wall_clock_ms=637.02 cas_conflicts=37
r2f-e4-p2-s17-r1cfg-r24 [atm/mp] procs=2 intents=34 oracle_correct=22 lost=0 wall_clock_ms=517.98 cas_conflicts=75
r2f-e4-p2-s17-slock-r24 [atm/mp] procs=2 intents=34 oracle_correct=23 lost=0 wall_clock_ms=726.22 cas_conflicts=39
r2f-e4-p2-s17-r1cfg-r25 [atm/mp] procs=2 intents=34 oracle_correct=21 lost=0 wall_clock_ms=532.48 cas_conflicts=39
r2f-e4-p2-s17-slock-r25 [atm/mp] procs=2 intents=34 oracle_correct=19 lost=0 wall_clock_ms=641.58 cas_conflicts=31
r2f-e4-p2-s17-r1cfg-r26 [atm/mp] procs=2 intents=34 oracle_correct=22 lost=0 wall_clock_ms=596.56 cas_conflicts=46
r2f-e4-p2-s17-slock-r26 [atm/mp] procs=2 intents=34 oracle_correct=21 lost=0 wall_clock_ms=525.32 cas_conflicts=25
r2f-e4-p2-s17-r1cfg-r27 [atm/mp] procs=2 intents=34 oracle_correct=19 lost=0 wall_clock_ms=651.02 cas_conflicts=25
r2f-e4-p2-s17-slock-r27 [atm/mp] procs=2 intents=34 oracle_correct=21 lost=0 wall_clock_ms=695.15 cas_conflicts=25
r2f-e4-p2-s17-r1cfg-r28 [atm/mp] procs=2 intents=34 oracle_correct=19 lost=2 wall_clock_ms=511.82 cas_conflicts=48
r2f-e4-p2-s17-slock-r28 [atm/mp] procs=2 intents=34 oracle_correct=20 lost=0 wall_clock_ms=736.06 cas_conflicts=39
r2f-e4-p2-s17-r1cfg-r29 [atm/mp] procs=2 intents=34 oracle_correct=21 lost=0 wall_clock_ms=531.79 cas_conflicts=43
r2f-e4-p2-s17-slock-r29 [atm/mp] procs=2 intents=34 oracle_correct=21 lost=0 wall_clock_ms=585.91 cas_conflicts=20
r2f-e4-p2-s17-r1cfg-r30 [atm/mp] procs=2 intents=34 oracle_correct=23 lost=0 wall_clock_ms=482.43 cas_conflicts=20
r2f-e4-p2-s17-slock-r30 [atm/mp] procs=2 intents=34 oracle_correct=26 lost=0 wall_clock_ms=561.96 cas_conflicts=33
r2f-e4-p2-s11-g-r1cfg-r1 [atm/mp] procs=2 intents=36 oracle_correct=20 lost=0 wall_clock_ms=569.16 cas_conflicts=40
r2f-e4-p2-s11-g-slock-r1 [atm/mp] procs=2 intents=36 oracle_correct=22 lost=0 wall_clock_ms=630.25 cas_conflicts=22
r2f-e4-p2-s11-g-r1cfg-r2 [atm/mp] procs=2 intents=36 oracle_correct=21 lost=0 wall_clock_ms=636.84 cas_conflicts=25
r2f-e4-p2-s11-g-slock-r2 [atm/mp] procs=2 intents=36 oracle_correct=25 lost=0 wall_clock_ms=641.31 cas_conflicts=19
r2f-e4-p2-s11-g-r1cfg-r3 [atm/mp] procs=2 intents=36 oracle_correct=24 lost=1 wall_clock_ms=496.41 cas_conflicts=53
r2f-e4-p2-s11-g-slock-r3 [atm/mp] procs=2 intents=36 oracle_correct=20 lost=0 wall_clock_ms=711.85 cas_conflicts=28
r2f-e4-p2-s11-g-r1cfg-r4 [atm/mp] procs=2 intents=36 oracle_correct=23 lost=0 wall_clock_ms=604.63 cas_conflicts=29
r2f-e4-p2-s11-g-slock-r4 [atm/mp] procs=2 intents=36 oracle_correct=22 lost=0 wall_clock_ms=687.29 cas_conflicts=34
r2f-e4-p2-s11-g-r1cfg-r5 [atm/mp] procs=2 intents=36 oracle_correct=20 lost=1 wall_clock_ms=550.56 cas_conflicts=47
r2f-e4-p2-s11-g-slock-r5 [atm/mp] procs=2 intents=36 oracle_correct=21 lost=0 wall_clock_ms=573.72 cas_conflicts=31
r2f-e4-p2-s17-g-r1cfg-r1 [atm/mp] procs=2 intents=34 oracle_correct=25 lost=0 wall_clock_ms=506.08 cas_conflicts=43
r2f-e4-p2-s17-g-slock-r1 [atm/mp] procs=2 intents=34 oracle_correct=23 lost=0 wall_clock_ms=567.69 cas_conflicts=20
r2f-e4-p2-s17-g-r1cfg-r2 [atm/mp] procs=2 intents=34 oracle_correct=23 lost=0 wall_clock_ms=575.4 cas_conflicts=20
r2f-e4-p2-s17-g-slock-r2 [atm/mp] procs=2 intents=34 oracle_correct=23 lost=0 wall_clock_ms=603.85 cas_conflicts=19
r2f-e4-p2-s17-g-r1cfg-r3 [atm/mp] procs=2 intents=34 oracle_correct=20 lost=0 wall_clock_ms=434.45 cas_conflicts=65
r2f-e4-p2-s17-g-slock-r3 [atm/mp] procs=2 intents=34 oracle_correct=21 lost=0 wall_clock_ms=545.42 cas_conflicts=27
r2f-e4-p2-s17-g-r1cfg-r4 [atm/mp] procs=2 intents=34 oracle_correct=23 lost=2 wall_clock_ms=497.23 cas_conflicts=39
r2f-e4-p2-s17-g-slock-r4 [atm/mp] procs=2 intents=34 oracle_correct=22 lost=0 wall_clock_ms=560.66 cas_conflicts=34
r2f-e4-p2-s17-g-r1cfg-r5 [atm/mp] procs=2 intents=34 oracle_correct=21 lost=0 wall_clock_ms=545.32 cas_conflicts=57
r2f-e4-p2-s17-g-slock-r5 [atm/mp] procs=2 intents=34 oracle_correct=25 lost=0 wall_clock_ms=714.19 cas_conflicts=24
r2f-e4-p2-s23-g-r1cfg-r1 [atm/mp] procs=2 intents=36 oracle_correct=19 lost=0 wall_clock_ms=577.18 cas_conflicts=33
r2f-e4-p2-s23-g-slock-r1 [atm/mp] procs=2 intents=36 oracle_correct=19 lost=0 wall_clock_ms=548.94 cas_conflicts=33
r2f-e4-p2-s23-g-r1cfg-r2 [atm/mp] procs=2 intents=36 oracle_correct=19 lost=0 wall_clock_ms=605.82 cas_conflicts=36
r2f-e4-p2-s23-g-slock-r2 [atm/mp] procs=2 intents=36 oracle_correct=19 lost=0 wall_clock_ms=498.62 cas_conflicts=35
r2f-e4-p2-s23-g-r1cfg-r3 [atm/mp] procs=2 intents=36 oracle_correct=20 lost=0 wall_clock_ms=648.36 cas_conflicts=36
r2f-e4-p2-s23-g-slock-r3 [atm/mp] procs=2 intents=36 oracle_correct=21 lost=0 wall_clock_ms=587.24 cas_conflicts=26
r2f-e4-p2-s23-g-r1cfg-r4 [atm/mp] procs=2 intents=36 oracle_correct=20 lost=0 wall_clock_ms=567.95 cas_conflicts=57
r2f-e4-p2-s23-g-slock-r4 [atm/mp] procs=2 intents=36 oracle_correct=20 lost=0 wall_clock_ms=647.53 cas_conflicts=45
r2f-e4-p2-s23-g-r1cfg-r5 [atm/mp] procs=2 intents=36 oracle_correct=17 lost=0 wall_clock_ms=726.8 cas_conflicts=80
r2f-e4-p2-s23-g-slock-r5 [atm/mp] procs=2 intents=36 oracle_correct=20 lost=0 wall_clock_ms=586.48 cas_conflicts=39
r2f-e4-p4-s11-g-r1cfg-r1 [atm/mp] procs=4 intents=36 oracle_correct=22 lost=0 wall_clock_ms=812.53 cas_conflicts=92
r2f-e4-p4-s11-g-slock-r1 [atm/mp] procs=4 intents=36 oracle_correct=23 lost=0 wall_clock_ms=835.61 cas_conflicts=58
r2f-e4-p4-s11-g-r1cfg-r2 [atm/mp] procs=4 intents=36 oracle_correct=22 lost=0 wall_clock_ms=582.8 cas_conflicts=62
r2f-e4-p4-s11-g-slock-r2 [atm/mp] procs=4 intents=36 oracle_correct=18 lost=0 wall_clock_ms=666.38 cas_conflicts=120
r2f-e4-p4-s11-g-r1cfg-r3 [atm/mp] procs=4 intents=36 oracle_correct=20 lost=0 wall_clock_ms=558.69 cas_conflicts=114
r2f-e4-p4-s11-g-slock-r3 [atm/mp] procs=4 intents=36 oracle_correct=19 lost=0 wall_clock_ms=805.54 cas_conflicts=63
r2f-e4-p4-s11-g-r1cfg-r4 [atm/mp] procs=4 intents=36 oracle_correct=24 lost=0 wall_clock_ms=596.95 cas_conflicts=108
r2f-e4-p4-s11-g-slock-r4 [atm/mp] procs=4 intents=36 oracle_correct=23 lost=0 wall_clock_ms=709.32 cas_conflicts=79
r2f-e4-p4-s11-g-r1cfg-r5 [atm/mp] procs=4 intents=36 oracle_correct=20 lost=0 wall_clock_ms=578.81 cas_conflicts=73
r2f-e4-p4-s11-g-slock-r5 [atm/mp] procs=4 intents=36 oracle_correct=22 lost=0 wall_clock_ms=725.44 cas_conflicts=96
r2f-e4-p4-s17-g-r1cfg-r1 [atm/mp] procs=4 intents=34 oracle_correct=16 lost=0 wall_clock_ms=565.74 cas_conflicts=102
r2f-e4-p4-s17-g-slock-r1 [atm/mp] procs=4 intents=34 oracle_correct=20 lost=0 wall_clock_ms=657.77 cas_conflicts=68
r2f-e4-p4-s17-g-r1cfg-r2 [atm/mp] procs=4 intents=34 oracle_correct=17 lost=0 wall_clock_ms=591.84 cas_conflicts=85
r2f-e4-p4-s17-g-slock-r2 [atm/mp] procs=4 intents=34 oracle_correct=16 lost=0 wall_clock_ms=649.86 cas_conflicts=65
r2f-e4-p4-s17-g-r1cfg-r3 [atm/mp] procs=4 intents=34 oracle_correct=19 lost=0 wall_clock_ms=685.06 cas_conflicts=68
r2f-e4-p4-s17-g-slock-r3 [atm/mp] procs=4 intents=34 oracle_correct=18 lost=0 wall_clock_ms=840.11 cas_conflicts=38
r2f-e4-p4-s17-g-r1cfg-r4 [atm/mp] procs=4 intents=34 oracle_correct=22 lost=0 wall_clock_ms=538.18 cas_conflicts=96
r2f-e4-p4-s17-g-slock-r4 [atm/mp] procs=4 intents=34 oracle_correct=20 lost=0 wall_clock_ms=644.35 cas_conflicts=60
r2f-e4-p4-s17-g-r1cfg-r5 [atm/mp] procs=4 intents=34 oracle_correct=22 lost=0 wall_clock_ms=644.43 cas_conflicts=51
r2f-e4-p4-s17-g-slock-r5 [atm/mp] procs=4 intents=34 oracle_correct=18 lost=0 wall_clock_ms=640.7 cas_conflicts=68
r2f-e4-p4-s23-g-r1cfg-r1 [atm/mp] procs=4 intents=36 oracle_correct=21 lost=0 wall_clock_ms=674.84 cas_conflicts=91
r2f-e4-p4-s23-g-slock-r1 [atm/mp] procs=4 intents=36 oracle_correct=25 lost=0 wall_clock_ms=660.23 cas_conflicts=60
r2f-e4-p4-s23-g-r1cfg-r2 [atm/mp] procs=4 intents=36 oracle_correct=19 lost=0 wall_clock_ms=596.11 cas_conflicts=89
r2f-e4-p4-s23-g-slock-r2 [atm/mp] procs=4 intents=36 oracle_correct=18 lost=0 wall_clock_ms=769.41 cas_conflicts=71
r2f-e4-p4-s23-g-r1cfg-r3 [atm/mp] procs=4 intents=36 oracle_correct=18 lost=0 wall_clock_ms=615.38 cas_conflicts=103
r2f-e4-p4-s23-g-slock-r3 [atm/mp] procs=4 intents=36 oracle_correct=17 lost=0 wall_clock_ms=536.17 cas_conflicts=105
r2f-e4-p4-s23-g-r1cfg-r4 [atm/mp] procs=4 intents=36 oracle_correct=19 lost=0 wall_clock_ms=637.65 cas_conflicts=76
r2f-e4-p4-s23-g-slock-r4 [atm/mp] procs=4 intents=36 oracle_correct=20 lost=0 wall_clock_ms=749.67 cas_conflicts=100
r2f-e4-p4-s23-g-r1cfg-r5 [atm/mp] procs=4 intents=36 oracle_correct=19 lost=0 wall_clock_ms=632.75 cas_conflicts=91
r2f-e4-p4-s23-g-slock-r5 [atm/mp] procs=4 intents=36 oracle_correct=19 lost=0 wall_clock_ms=608.32 cas_conflicts=76
r2f-e4-p8-s11-g-r1cfg-r1 [atm/mp] procs=8 intents=36 oracle_correct=19 lost=0 wall_clock_ms=737.34 cas_conflicts=168
r2f-e4-p8-s11-g-slock-r1 [atm/mp] procs=8 intents=36 oracle_correct=22 lost=0 wall_clock_ms=1004.34 cas_conflicts=69
r2f-e4-p8-s11-g-r1cfg-r2 [atm/mp] procs=8 intents=36 oracle_correct=19 lost=0 wall_clock_ms=644.72 cas_conflicts=151
r2f-e4-p8-s11-g-slock-r2 [atm/mp] procs=8 intents=36 oracle_correct=23 lost=0 wall_clock_ms=1042.05 cas_conflicts=90
r2f-e4-p8-s11-g-r1cfg-r3 [atm/mp] procs=8 intents=36 oracle_correct=22 lost=0 wall_clock_ms=668.16 cas_conflicts=94
r2f-e4-p8-s11-g-slock-r3 [atm/mp] procs=8 intents=36 oracle_correct=20 lost=0 wall_clock_ms=998.17 cas_conflicts=67
r2f-e4-p8-s11-g-r1cfg-r4 [atm/mp] procs=8 intents=36 oracle_correct=19 lost=0 wall_clock_ms=712 cas_conflicts=141
r2f-e4-p8-s11-g-slock-r4 [atm/mp] procs=8 intents=36 oracle_correct=21 lost=0 wall_clock_ms=1045 cas_conflicts=49
r2f-e4-p8-s11-g-r1cfg-r5 [atm/mp] procs=8 intents=36 oracle_correct=22 lost=0 wall_clock_ms=704.77 cas_conflicts=152
r2f-e4-p8-s11-g-slock-r5 [atm/mp] procs=8 intents=36 oracle_correct=24 lost=0 wall_clock_ms=1060.53 cas_conflicts=58
r2f-e4-p8-s17-g-r1cfg-r1 [atm/mp] procs=8 intents=34 oracle_correct=17 lost=0 wall_clock_ms=699.33 cas_conflicts=127
r2f-e4-p8-s17-g-slock-r1 [atm/mp] procs=8 intents=34 oracle_correct=22 lost=0 wall_clock_ms=870.78 cas_conflicts=70
r2f-e4-p8-s17-g-r1cfg-r2 [atm/mp] procs=8 intents=34 oracle_correct=21 lost=0 wall_clock_ms=701.87 cas_conflicts=124
r2f-e4-p8-s17-g-slock-r2 [atm/mp] procs=8 intents=34 oracle_correct=22 lost=0 wall_clock_ms=923.11 cas_conflicts=55
r2f-e4-p8-s17-g-r1cfg-r3 [atm/mp] procs=8 intents=34 oracle_correct=17 lost=0 wall_clock_ms=628.41 cas_conflicts=108
r2f-e4-p8-s17-g-slock-r3 [atm/mp] procs=8 intents=34 oracle_correct=20 lost=0 wall_clock_ms=823.27 cas_conflicts=45
r2f-e4-p8-s17-g-r1cfg-r4 [atm/mp] procs=8 intents=34 oracle_correct=18 lost=0 wall_clock_ms=612.59 cas_conflicts=97
r2f-e4-p8-s17-g-slock-r4 [atm/mp] procs=8 intents=34 oracle_correct=22 lost=0 wall_clock_ms=839.71 cas_conflicts=66
r2f-e4-p8-s17-g-r1cfg-r5 [atm/mp] procs=8 intents=34 oracle_correct=19 lost=0 wall_clock_ms=626.86 cas_conflicts=96
r2f-e4-p8-s17-g-slock-r5 [atm/mp] procs=8 intents=34 oracle_correct=22 lost=0 wall_clock_ms=893.69 cas_conflicts=69
r2f-e4-p8-s23-g-r1cfg-r1 [atm/mp] procs=8 intents=36 oracle_correct=18 lost=0 wall_clock_ms=799.65 cas_conflicts=108
r2f-e4-p8-s23-g-slock-r1 [atm/mp] procs=8 intents=36 oracle_correct=20 lost=0 wall_clock_ms=778.71 cas_conflicts=69
r2f-e4-p8-s23-g-r1cfg-r2 [atm/mp] procs=8 intents=36 oracle_correct=17 lost=0 wall_clock_ms=670.83 cas_conflicts=152
r2f-e4-p8-s23-g-slock-r2 [atm/mp] procs=8 intents=36 oracle_correct=20 lost=0 wall_clock_ms=850.4 cas_conflicts=96
r2f-e4-p8-s23-g-r1cfg-r3 [atm/mp] procs=8 intents=36 oracle_correct=19 lost=0 wall_clock_ms=628.67 cas_conflicts=132
r2f-e4-p8-s23-g-slock-r3 [atm/mp] procs=8 intents=36 oracle_correct=21 lost=0 wall_clock_ms=768.4 cas_conflicts=73
r2f-e4-p8-s23-g-r1cfg-r4 [atm/mp] procs=8 intents=36 oracle_correct=17 lost=0 wall_clock_ms=739.38 cas_conflicts=166
r2f-e4-p8-s23-g-slock-r4 [atm/mp] procs=8 intents=36 oracle_correct=18 lost=0 wall_clock_ms=786.73 cas_conflicts=90
r2f-e4-p8-s23-g-r1cfg-r5 [atm/mp] procs=8 intents=36 oracle_correct=18 lost=0 wall_clock_ms=730.81 cas_conflicts=125
r2f-e4-p8-s23-g-slock-r5 [atm/mp] procs=8 intents=36 oracle_correct=20 lost=0 wall_clock_ms=914.71 cas_conflicts=71
end 2026-10-08 09:45:19 CST
