
> ai-atomic-framework@0.1.0 typecheck
> tsc -p tsconfig.json --noEmit

