# Oracle v2 analysis-only re-score（r2 P0-2）

oracle：`c4-fullbytes-frame-v2`；fixture `sha256:1c985c0afddd1d2d`；raw 唯讀；輸入只用 harness terminal outcome＋最終 bytes＋fixture base（不使用 v1 verdict）。

| stage | cells | ops | v1_correct | v2_correct | v1_lost | v2_lost | v1_fail | v2_fail | cells_changed | ops_changed | frame_violation_files | structure_violation_files | foreign_writes | extra_files |
|---|---|---|---|---|---|---|---|---|---|---|---|---|---|---|
| c4 | 4 | 60 | 47 | 47 | 13 | 13 | 13 | 13 | 0 | 0 | 0 | 0 | 0 | 0 |
| d1 | 2 | 30 | 30 | 30 | 0 | 0 | 0 | 0 | 0 | 0 | 0 | 0 | 0 | 0 |
| d2 | 4 | 60 | 55 | 55 | 0 | 0 | 0 | 0 | 0 | 0 | 0 | 0 | 0 | 0 |
| d3 | 4 | 60 | 60 | 60 | 0 | 0 | 0 | 0 | 0 | 0 | 0 | 0 | 0 | 0 |
| d4 | 3 | 45 | 42 | 42 | 0 | 0 | 0 | 0 | 0 | 0 | 0 | 0 | 0 | 0 |
| d5 | 8 | 120 | 104 | 104 | 13 | 13 | 13 | 13 | 0 | 0 | 0 | 0 | 0 | 0 |
| e1 | 48 | 630 | 611 | 611 | 14 | 14 | 14 | 14 | 0 | 0 | 0 | 0 | 0 | 0 |
| e2 | 152 | 2035 | 1943 | 1943 | 12 | 12 | 12 | 12 | 0 | 0 | 0 | 0 | 0 | 0 |
| e3 | 120 | 1614 | 1520 | 1520 | 0 | 0 | 0 | 0 | 0 | 0 | 0 | 0 | 0 | 0 |
| e4 | 21 | 660 | 398 | 398 | 4 | 4 | 4 | 4 | 0 | 0 | 0 | 0 | 0 | 0 |
| e5 | 6 | 82 | 67 | 67 | 0 | 0 | 0 | 0 | 0 | 0 | 0 | 0 | 0 | 0 |
| gaps | 1 | 4 | 4 | 4 | 0 | 0 | 0 | 0 | 0 | 0 | 0 | 0 | 0 | 0 |
| r2-e4-forensics | 151 | 5254 | 3164 | 3154 | 6 | 6 | 6 | 16 | 1 | 10 | 1 | 0 | 0 | 0 |
| r3-matrix | 45 | 1590 | 979 | 979 | 1 | 1 | 1 | 1 | 0 | 0 | 0 | 0 | 0 | 0 |
| r3-regression | 180 | 2340 | 2320 | 2320 | 0 | 0 | 0 | 0 | 0 | 0 | 0 | 0 | 0 | 0 |
| r3-replay | 225 | 7830 | 4635 | 4635 | 12 | 12 | 12 | 12 | 0 | 0 | 0 | 0 | 0 | 0 |
| r3-smoke | 3 | 83 | 54 | 54 | 0 | 0 | 0 | 0 | 0 | 0 | 0 | 0 | 0 | 0 |
| r3-sp-noise | 30 | 1060 | 984 | 984 | 0 | 0 | 0 | 0 | 0 | 0 | 0 | 0 | 0 | 0 |
| steward | 2 | 25 | 25 | 25 | 0 | 0 | 0 | 0 | 0 | 0 | 0 | 0 | 0 | 0 |
| support | 2 | 68 | 54 | 54 | 0 | 0 | 0 | 0 | 0 | 0 | 0 | 0 | 0 | 0 |

skipped（fixture 不同）：0


changes=10
