start 2026-10-10 03:50:55 +0800
== main__django runs=/workspace/reports/hist-main/main-v2-2026-10-10/main/django py=/workspace/scratch/hist/venv/bin/python 03:50:55
   rc=0 04:03:07
== main__fastapi__st0.32.0.post1 runs=/workspace/reports/hist-main/main-v2-2026-10-10/main/fastapi py=/workspace/scratch/hist/envs/fastapi-st0.32.0.post1/bin/python 04:03:07
   rc=0 04:03:08
== main__fastapi__st0.35.1 runs=/workspace/reports/hist-main/main-v2-2026-10-10/main/fastapi py=/workspace/scratch/hist/envs/fastapi-st0.35.1/bin/python 04:03:08
   rc=0 04:03:22
== main__fastapi__st0.36.3 runs=/workspace/reports/hist-main/main-v2-2026-10-10/main/fastapi py=/workspace/scratch/hist/envs/fastapi-st0.36.3/bin/python 04:03:22
   rc=0 04:03:22
== main__fastapi__st0.37.2 runs=/workspace/reports/hist-main/main-v2-2026-10-10/main/fastapi py=/workspace/scratch/hist/envs/fastapi-st0.37.2/bin/python 04:03:22
   rc=0 04:04:12
== main__fastapi__st0.41.3 runs=/workspace/reports/hist-main/main-v2-2026-10-10/main/fastapi py=/workspace/scratch/hist/envs/fastapi-st0.41.3/bin/python 04:04:12
   rc=0 04:04:27
== main__fastapi__st0.45.3 runs=/workspace/reports/hist-main/main-v2-2026-10-10/main/fastapi py=/workspace/scratch/hist/envs/fastapi-st0.45.3/bin/python 04:04:27
   rc=0 04:05:13
== main__fastapi__st0.49.3 runs=/workspace/reports/hist-main/main-v2-2026-10-10/main/fastapi py=/workspace/scratch/hist/envs/fastapi-st0.49.3/bin/python 04:05:13
   rc=0 04:05:45
== main__pytest runs=/workspace/reports/hist-main/main-v2-2026-10-10/main/pytest py=/workspace/scratch/hist/envs/pytest/bin/python 04:05:45
   rc=0 05:10:05
== main__sphinx runs=/workspace/reports/hist-main/main-v2-2026-10-10/main/sphinx py=/workspace/scratch/hist/envs/sphinx/bin/python 05:10:05
   rc=0 05:13:12
== main__sympy runs=/workspace/reports/hist-main/main-v2-2026-10-10/main/sympy py=/workspace/scratch/hist/envs/sympy/bin/python 05:13:12
   rc=0 05:46:32
== main__xarray runs=/workspace/reports/hist-main/main-v2-2026-10-10/main/xarray py=/workspace/scratch/hist/envs/xarray/bin/python 05:46:32
   rc=0 05:50:32
== o0__django runs=/workspace/reports/hist-main/main-v2-2026-10-10/o0 py=/workspace/scratch/hist/venv/bin/python 05:50:32
   rc=0 05:51:09
== o0__fastapi__st0.37.2 runs=/workspace/reports/hist-main/main-v2-2026-10-10/o0 py=/workspace/scratch/hist/envs/fastapi-st0.37.2/bin/python 05:51:09
   rc=0 05:51:24
== o0__fastapi__st0.45.3 runs=/workspace/reports/hist-main/main-v2-2026-10-10/o0 py=/workspace/scratch/hist/envs/fastapi-st0.45.3/bin/python 05:51:24
   rc=0 05:51:37
== o0__pytest runs=/workspace/reports/hist-main/main-v2-2026-10-10/o0 py=/workspace/scratch/hist/envs/pytest/bin/python 05:51:37
   rc=0 05:54:36
== o0__sphinx runs=/workspace/reports/hist-main/main-v2-2026-10-10/o0 py=/workspace/scratch/hist/envs/sphinx/bin/python 05:54:36
   rc=0 05:55:05
== o0__sympy runs=/workspace/reports/hist-main/main-v2-2026-10-10/o0 py=/workspace/scratch/hist/envs/sympy/bin/python 05:55:05
   rc=0 06:01:32
== o0__xarray runs=/workspace/reports/hist-main/main-v2-2026-10-10/o0 py=/workspace/scratch/hist/envs/xarray/bin/python 06:01:32
   rc=0 06:02:37
done 2026-10-10 06:02:37 +0800
