[1/750] django_18496_18524__file_lock__s0 n=2 done=2 lost=0 blk=0 corrupt=0 failed=false
[2/750] django_18496_18524__steward__s0 n=2 done=2 lost=0 blk=0 corrupt=0 failed=false
[3/750] django_18496_18524__occ__s0 n=2 done=2 lost=0 blk=0 corrupt=0 failed=false
[4/750] django_18496_18524__git_three_way__s0 n=2 done=2 lost=0 blk=0 corrupt=0 failed=false
[5/750] django_18496_18524__bare_composer__s0 n=2 done=2 lost=0 blk=0 corrupt=0 failed=false
[6/750] django_18496_18524__steward__s1 n=2 done=2 lost=0 blk=0 corrupt=0 failed=false
[7/750] django_18496_18524__occ__s1 n=2 done=2 lost=0 blk=0 corrupt=0 failed=false
[8/750] django_18496_18524__file_lock__s1 n=2 done=2 lost=0 blk=0 corrupt=0 failed=false
[9/750] django_18496_18524__git_three_way__s1 n=2 done=2 lost=0 blk=0 corrupt=0 failed=false
[10/750] django_18496_18524__bare_composer__s1 n=2 done=2 lost=0 blk=0 corrupt=0 failed=false
[11/750] django_18496_18524__file_lock__s2 n=2 done=2 lost=0 blk=0 corrupt=0 failed=false
[12/750] django_18496_18524__steward__s2 n=2 done=2 lost=0 blk=0 corrupt=0 failed=false
[13/750] django_18496_18524__occ__s2 n=2 done=2 lost=0 blk=0 corrupt=0 failed=false
[14/750] django_18496_18524__git_three_way__s2 n=2 done=2 lost=0 blk=0 corrupt=0 failed=false
[15/750] django_18496_18524__bare_composer__s2 n=2 done=2 lost=0 blk=0 corrupt=0 failed=false
[16/750] django_18496_18524__file_lock__s3 n=2 done=2 lost=0 blk=0 corrupt=0 failed=false
[17/750] django_18496_18524__steward__s3 n=2 done=2 lost=0 blk=0 corrupt=0 failed=false
[18/750] django_18496_18524__occ__s3 n=2 done=2 lost=0 blk=0 corrupt=0 failed=false
[19/750] django_18496_18524__git_three_way__s3 n=2 done=2 lost=0 blk=0 corrupt=0 failed=false
[20/750] django_18496_18524__bare_composer__s3 n=2 done=2 lost=0 blk=0 corrupt=0 failed=false
[21/750] django_18496_18524__steward__s4 n=2 done=2 lost=0 blk=0 corrupt=0 failed=false
[22/750] django_18496_18524__occ__s4 n=2 done=2 lost=0 blk=0 corrupt=0 failed=false
[23/750] django_18496_18524__file_lock__s4 n=2 done=2 lost=0 blk=0 corrupt=0 failed=false
[24/750] django_18496_18524__git_three_way__s4 n=2 done=2 lost=0 blk=0 corrupt=0 failed=false
[25/750] django_18496_18524__bare_composer__s4 n=2 done=2 lost=0 blk=0 corrupt=0 failed=false
[26/750] django_18466_19065__steward__s0 n=16 done=16 lost=0 blk=0 corrupt=0 failed=false
[27/750] django_18466_19065__file_lock__s0 n=16 done=16 lost=0 blk=0 corrupt=0 failed=false
[28/750] django_18466_19065__occ__s0 n=16 done=16 lost=0 blk=0 corrupt=0 failed=false
[29/750] django_18466_19065__git_three_way__s0 n=16 done=16 lost=0 blk=0 corrupt=0 failed=false
[30/750] django_18466_19065__bare_composer__s0 n=16 done=16 lost=0 blk=0 corrupt=0 failed=false
[31/750] django_18466_19065__file_lock__s1 n=16 done=16 lost=0 blk=0 corrupt=0 failed=false
[32/750] django_18466_19065__steward__s1 n=16 done=16 lost=0 blk=0 corrupt=0 failed=false
[33/750] django_18466_19065__occ__s1 n=16 done=16 lost=0 blk=0 corrupt=0 failed=false
[34/750] django_18466_19065__git_three_way__s1 n=16 done=16 lost=0 blk=0 corrupt=0 failed=false
[35/750] django_18466_19065__bare_composer__s1 n=16 done=16 lost=0 blk=0 corrupt=0 failed=false
[36/750] django_18466_19065__steward__s2 n=16 done=16 lost=0 blk=0 corrupt=0 failed=false
[37/750] django_18466_19065__file_lock__s2 n=16 done=16 lost=0 blk=0 corrupt=0 failed=false
[38/750] django_18466_19065__occ__s2 n=16 done=16 lost=0 blk=0 corrupt=0 failed=false
[39/750] django_18466_19065__git_three_way__s2 n=16 done=16 lost=0 blk=0 corrupt=0 failed=false
[40/750] django_18466_19065__bare_composer__s2 n=16 done=16 lost=0 blk=0 corrupt=0 failed=false
[41/750] django_18466_19065__steward__s3 n=16 done=16 lost=0 blk=0 corrupt=0 failed=false
[42/750] django_18466_19065__file_lock__s3 n=16 done=16 lost=0 blk=0 corrupt=0 failed=false
[43/750] django_18466_19065__occ__s3 n=16 done=16 lost=0 blk=0 corrupt=0 failed=false
[44/750] django_18466_19065__git_three_way__s3 n=16 done=16 lost=0 blk=0 corrupt=0 failed=false
[45/750] django_18466_19065__bare_composer__s3 n=16 done=16 lost=0 blk=0 corrupt=0 failed=false
[46/750] django_18466_19065__file_lock__s4 n=16 done=16 lost=0 blk=0 corrupt=0 failed=false
[47/750] django_18466_19065__steward__s4 n=16 done=16 lost=0 blk=0 corrupt=0 failed=false
[48/750] django_18466_19065__occ__s4 n=16 done=16 lost=0 blk=0 corrupt=0 failed=false
[49/750] django_18466_19065__git_three_way__s4 n=16 done=16 lost=0 blk=0 corrupt=0 failed=false
[50/750] django_18466_19065__bare_composer__s4 n=16 done=16 lost=0 blk=0 corrupt=0 failed=false
[51/750] django_18549_18571__steward__s0 n=2 done=2 lost=0 blk=0 corrupt=0 failed=false
[52/750] django_18549_18571__file_lock__s0 n=2 done=2 lost=0 blk=0 corrupt=0 failed=false
[53/750] django_18549_18571__occ__s0 n=2 done=2 lost=0 blk=0 corrupt=0 failed=false
[54/750] django_18549_18571__git_three_way__s0 n=2 done=2 lost=0 blk=0 corrupt=0 failed=false
[55/750] django_18549_18571__bare_composer__s0 n=2 done=2 lost=0 blk=0 corrupt=0 failed=false
[56/750] django_18549_18571__steward__s1 n=2 done=2 lost=0 blk=0 corrupt=0 failed=false
[57/750] django_18549_18571__file_lock__s1 n=2 done=2 lost=0 blk=0 corrupt=0 failed=false
[58/750] django_18549_18571__occ__s1 n=2 done=2 lost=0 blk=0 corrupt=0 failed=false
[59/750] django_18549_18571__git_three_way__s1 n=2 done=2 lost=0 blk=0 corrupt=0 failed=false
[60/750] django_18549_18571__bare_composer__s1 n=2 done=2 lost=0 blk=0 corrupt=0 failed=false
[61/750] django_18549_18571__steward__s2 n=2 done=2 lost=0 blk=0 corrupt=0 failed=false
[62/750] django_18549_18571__file_lock__s2 n=2 done=2 lost=0 blk=0 corrupt=0 failed=false
[63/750] django_18549_18571__occ__s2 n=2 done=2 lost=0 blk=0 corrupt=0 failed=false
[64/750] django_18549_18571__git_three_way__s2 n=2 done=2 lost=0 blk=0 corrupt=0 failed=false
[65/750] django_18549_18571__bare_composer__s2 n=2 done=2 lost=0 blk=0 corrupt=0 failed=false
[66/750] django_18549_18571__file_lock__s3 n=2 done=2 lost=0 blk=0 corrupt=0 failed=false
[67/750] django_18549_18571__steward__s3 n=2 done=2 lost=0 blk=0 corrupt=0 failed=false
[68/750] django_18549_18571__occ__s3 n=2 done=2 lost=0 blk=0 corrupt=0 failed=false
[69/750] django_18549_18571__git_three_way__s3 n=2 done=2 lost=0 blk=0 corrupt=0 failed=false
[70/750] django_18549_18571__bare_composer__s3 n=2 done=2 lost=0 blk=0 corrupt=0 failed=false
[71/750] django_18549_18571__steward__s4 n=2 done=2 lost=0 blk=0 corrupt=0 failed=false
[72/750] django_18549_18571__file_lock__s4 n=2 done=2 lost=0 blk=0 corrupt=0 failed=false
[73/750] django_18549_18571__occ__s4 n=2 done=2 lost=0 blk=0 corrupt=0 failed=false
[74/750] django_18549_18571__git_three_way__s4 n=2 done=2 lost=0 blk=0 corrupt=0 failed=false
[75/750] django_18549_18571__bare_composer__s4 n=2 done=2 lost=0 blk=0 corrupt=0 failed=false
[76/750] django_18645_18735__file_lock__s0 n=4 done=4 lost=0 blk=0 corrupt=0 failed=false
[77/750] django_18645_18735__steward__s0 n=4 done=4 lost=0 blk=0 corrupt=0 failed=false
[78/750] django_18645_18735__occ__s0 n=4 done=4 lost=0 blk=0 corrupt=0 failed=false
[79/750] django_18645_18735__git_three_way__s0 n=4 done=4 lost=0 blk=0 corrupt=0 failed=false
[80/750] django_18645_18735__bare_composer__s0 n=4 done=4 lost=0 blk=0 corrupt=0 failed=false
[81/750] django_18645_18735__file_lock__s1 n=4 done=4 lost=0 blk=0 corrupt=0 failed=false
[82/750] django_18645_18735__steward__s1 n=4 done=4 lost=0 blk=0 corrupt=0 failed=false
[83/750] django_18645_18735__occ__s1 n=4 done=4 lost=0 blk=0 corrupt=0 failed=false
[84/750] django_18645_18735__git_three_way__s1 n=4 done=4 lost=0 blk=0 corrupt=0 failed=false
[85/750] django_18645_18735__bare_composer__s1 n=4 done=4 lost=0 blk=0 corrupt=0 failed=false
[86/750] django_18645_18735__steward__s2 n=4 done=4 lost=0 blk=0 corrupt=0 failed=false
[87/750] django_18645_18735__file_lock__s2 n=4 done=4 lost=0 blk=0 corrupt=0 failed=false
[88/750] django_18645_18735__occ__s2 n=4 done=4 lost=0 blk=0 corrupt=0 failed=false
[89/750] django_18645_18735__git_three_way__s2 n=4 done=4 lost=0 blk=0 corrupt=0 failed=false
[90/750] django_18645_18735__bare_composer__s2 n=4 done=4 lost=0 blk=0 corrupt=0 failed=false
[91/750] django_18645_18735__steward__s3 n=4 done=4 lost=0 blk=0 corrupt=0 failed=false
[92/750] django_18645_18735__file_lock__s3 n=4 done=4 lost=0 blk=0 corrupt=0 failed=false
[93/750] django_18645_18735__git_three_way__s3 n=4 done=4 lost=0 blk=0 corrupt=0 failed=false
[94/750] django_18645_18735__occ__s3 n=4 done=4 lost=0 blk=0 corrupt=0 failed=false
[95/750] django_18645_18735__bare_composer__s3 n=4 done=4 lost=0 blk=0 corrupt=0 failed=false
[96/750] django_18645_18735__file_lock__s4 n=4 done=4 lost=0 blk=0 corrupt=0 failed=false
[97/750] django_18645_18735__steward__s4 n=4 done=4 lost=0 blk=0 corrupt=0 failed=false
[98/750] django_18645_18735__occ__s4 n=4 done=4 lost=0 blk=0 corrupt=0 failed=false
[99/750] django_18645_18735__git_three_way__s4 n=4 done=4 lost=0 blk=0 corrupt=0 failed=false
[100/750] django_18645_18735__bare_composer__s4 n=4 done=4 lost=0 blk=0 corrupt=0 failed=false
[101/750] django_19393_19430__steward__s0 n=12 done=10 lost=0 blk=2 corrupt=0 failed=false
[102/750] django_19393_19430__file_lock__s0 n=12 done=12 lost=0 blk=0 corrupt=0 failed=false
[103/750] django_19393_19430__occ__s0 n=12 done=12 lost=0 blk=0 corrupt=0 failed=false
[104/750] django_19393_19430__git_three_way__s0 n=12 done=12 lost=0 blk=0 corrupt=0 failed=false
[105/750] django_19393_19430__bare_composer__s0 n=12 done=10 lost=0 blk=2 corrupt=0 failed=false
[106/750] django_19393_19430__file_lock__s1 n=12 done=12 lost=0 blk=0 corrupt=0 failed=false
[107/750] django_19393_19430__steward__s1 n=12 done=10 lost=0 blk=2 corrupt=0 failed=false
[108/750] django_19393_19430__occ__s1 n=12 done=12 lost=0 blk=0 corrupt=0 failed=false
[109/750] django_19393_19430__git_three_way__s1 n=12 done=12 lost=0 blk=0 corrupt=0 failed=false
[110/750] django_19393_19430__bare_composer__s1 n=12 done=10 lost=0 blk=2 corrupt=0 failed=false
[111/750] django_19393_19430__steward__s2 n=12 done=10 lost=0 blk=2 corrupt=0 failed=false
[112/750] django_19393_19430__file_lock__s2 n=12 done=12 lost=0 blk=0 corrupt=0 failed=false
[113/750] django_19393_19430__occ__s2 n=12 done=12 lost=0 blk=0 corrupt=0 failed=false
[114/750] django_19393_19430__git_three_way__s2 n=12 done=12 lost=0 blk=0 corrupt=0 failed=false
[115/750] django_19393_19430__bare_composer__s2 n=12 done=10 lost=0 blk=2 corrupt=0 failed=false
[116/750] django_19393_19430__steward__s3 n=12 done=10 lost=0 blk=2 corrupt=0 failed=false
[117/750] django_19393_19430__file_lock__s3 n=12 done=12 lost=0 blk=0 corrupt=0 failed=false
[118/750] django_19393_19430__occ__s3 n=12 done=12 lost=0 blk=0 corrupt=0 failed=false
[119/750] django_19393_19430__git_three_way__s3 n=12 done=12 lost=0 blk=0 corrupt=0 failed=false
[120/750] django_19393_19430__bare_composer__s3 n=12 done=10 lost=0 blk=2 corrupt=0 failed=false
[121/750] django_19393_19430__file_lock__s4 n=12 done=12 lost=0 blk=0 corrupt=0 failed=false
[122/750] django_19393_19430__steward__s4 n=12 done=10 lost=0 blk=2 corrupt=0 failed=false
[123/750] django_19393_19430__occ__s4 n=12 done=12 lost=0 blk=0 corrupt=0 failed=false
[124/750] django_19393_19430__git_three_way__s4 n=12 done=12 lost=0 blk=0 corrupt=0 failed=false
[125/750] django_19393_19430__bare_composer__s4 n=12 done=10 lost=0 blk=2 corrupt=0 failed=false
[126/750] sympy_27789_27803__steward__s0 n=3 done=3 lost=0 blk=0 corrupt=0 failed=false
[127/750] sympy_27789_27803__file_lock__s0 n=3 done=3 lost=0 blk=0 corrupt=0 failed=false
[128/750] sympy_27789_27803__occ__s0 n=3 done=3 lost=0 blk=0 corrupt=0 failed=false
[129/750] sympy_27789_27803__git_three_way__s0 n=3 done=3 lost=0 blk=0 corrupt=0 failed=false
[130/750] sympy_27789_27803__bare_composer__s0 n=3 done=3 lost=0 blk=0 corrupt=0 failed=false
[131/750] sympy_27789_27803__file_lock__s1 n=3 done=3 lost=0 blk=0 corrupt=0 failed=false
[132/750] sympy_27789_27803__steward__s1 n=3 done=3 lost=0 blk=0 corrupt=0 failed=false
[133/750] sympy_27789_27803__occ__s1 n=3 done=3 lost=0 blk=0 corrupt=0 failed=false
[134/750] sympy_27789_27803__git_three_way__s1 n=3 done=3 lost=0 blk=0 corrupt=0 failed=false
[135/750] sympy_27789_27803__bare_composer__s1 n=3 done=3 lost=0 blk=0 corrupt=0 failed=false
[136/750] sympy_27789_27803__steward__s2 n=3 done=3 lost=0 blk=0 corrupt=0 failed=false
[137/750] sympy_27789_27803__file_lock__s2 n=3 done=3 lost=0 blk=0 corrupt=0 failed=false
[138/750] sympy_27789_27803__occ__s2 n=3 done=3 lost=0 blk=0 corrupt=0 failed=false
[139/750] sympy_27789_27803__git_three_way__s2 n=3 done=3 lost=0 blk=0 corrupt=0 failed=false
[140/750] sympy_27789_27803__bare_composer__s2 n=3 done=3 lost=0 blk=0 corrupt=0 failed=false
[141/750] sympy_27789_27803__file_lock__s3 n=3 done=3 lost=0 blk=0 corrupt=0 failed=false
[142/750] sympy_27789_27803__steward__s3 n=3 done=3 lost=0 blk=0 corrupt=0 failed=false
[143/750] sympy_27789_27803__occ__s3 n=3 done=3 lost=0 blk=0 corrupt=0 failed=false
[144/750] sympy_27789_27803__git_three_way__s3 n=3 done=3 lost=0 blk=0 corrupt=0 failed=false
[145/750] sympy_27789_27803__bare_composer__s3 n=3 done=3 lost=0 blk=0 corrupt=0 failed=false
[146/750] sympy_27789_27803__file_lock__s4 n=3 done=3 lost=0 blk=0 corrupt=0 failed=false
[147/750] sympy_27789_27803__steward__s4 n=3 done=3 lost=0 blk=0 corrupt=0 failed=false
[148/750] sympy_27789_27803__occ__s4 n=3 done=3 lost=0 blk=0 corrupt=0 failed=false
[149/750] sympy_27789_27803__git_three_way__s4 n=3 done=3 lost=0 blk=0 corrupt=0 failed=false
[150/750] sympy_27789_27803__bare_composer__s4 n=3 done=3 lost=0 blk=0 corrupt=0 failed=false
[151/750] sympy_27520_27803__file_lock__s0 n=4 done=4 lost=0 blk=0 corrupt=0 failed=false
[152/750] sympy_27520_27803__steward__s0 n=4 done=4 lost=0 blk=0 corrupt=0 failed=false
[153/750] sympy_27520_27803__occ__s0 n=4 done=4 lost=0 blk=0 corrupt=0 failed=false
[154/750] sympy_27520_27803__git_three_way__s0 n=4 done=4 lost=0 blk=0 corrupt=0 failed=false
[155/750] sympy_27520_27803__bare_composer__s0 n=4 done=4 lost=0 blk=0 corrupt=0 failed=false
[156/750] sympy_27520_27803__file_lock__s1 n=4 done=4 lost=0 blk=0 corrupt=0 failed=false
[157/750] sympy_27520_27803__steward__s1 n=4 done=4 lost=0 blk=0 corrupt=0 failed=false
[158/750] sympy_27520_27803__occ__s1 n=4 done=4 lost=0 blk=0 corrupt=0 failed=false
[159/750] sympy_27520_27803__git_three_way__s1 n=4 done=4 lost=0 blk=0 corrupt=0 failed=false
[160/750] sympy_27520_27803__bare_composer__s1 n=4 done=4 lost=0 blk=0 corrupt=0 failed=false
[161/750] sympy_27520_27803__file_lock__s2 n=4 done=4 lost=0 blk=0 corrupt=0 failed=false
[162/750] sympy_27520_27803__steward__s2 n=4 done=4 lost=0 blk=0 corrupt=0 failed=false
[163/750] sympy_27520_27803__occ__s2 n=4 done=4 lost=0 blk=0 corrupt=0 failed=false
[164/750] sympy_27520_27803__git_three_way__s2 n=4 done=4 lost=0 blk=0 corrupt=0 failed=false
[165/750] sympy_27520_27803__bare_composer__s2 n=4 done=4 lost=0 blk=0 corrupt=0 failed=false
[166/750] sympy_27520_27803__file_lock__s3 n=4 done=4 lost=0 blk=0 corrupt=0 failed=false
[167/750] sympy_27520_27803__steward__s3 n=4 done=4 lost=0 blk=0 corrupt=0 failed=false
[168/750] sympy_27520_27803__occ__s3 n=4 done=4 lost=0 blk=0 corrupt=0 failed=false
[169/750] sympy_27520_27803__git_three_way__s3 n=4 done=4 lost=0 blk=0 corrupt=0 failed=false
[170/750] sympy_27520_27803__bare_composer__s3 n=4 done=4 lost=0 blk=0 corrupt=0 failed=false
[171/750] sympy_27520_27803__steward__s4 n=4 done=4 lost=0 blk=0 corrupt=0 failed=false
[172/750] sympy_27520_27803__file_lock__s4 n=4 done=4 lost=0 blk=0 corrupt=0 failed=false
[173/750] sympy_27520_27803__occ__s4 n=4 done=4 lost=0 blk=0 corrupt=0 failed=false
[174/750] sympy_27520_27803__git_three_way__s4 n=4 done=4 lost=0 blk=0 corrupt=0 failed=false
[175/750] sympy_27520_27803__bare_composer__s4 n=4 done=4 lost=0 blk=0 corrupt=0 failed=false
[176/750] sympy_27839_28017__file_lock__s0 n=13 done=13 lost=0 blk=0 corrupt=0 failed=false
[177/750] sympy_27839_28017__steward__s0 n=13 done=13 lost=0 blk=0 corrupt=0 failed=false
[178/750] sympy_27839_28017__occ__s0 n=13 done=13 lost=0 blk=0 corrupt=0 failed=false
[179/750] sympy_27839_28017__git_three_way__s0 n=13 done=13 lost=0 blk=0 corrupt=0 failed=false
[180/750] sympy_27839_28017__bare_composer__s0 n=13 done=13 lost=0 blk=0 corrupt=0 failed=false
[181/750] sympy_27839_28017__file_lock__s1 n=13 done=13 lost=0 blk=0 corrupt=0 failed=false
[182/750] sympy_27839_28017__steward__s1 n=13 done=13 lost=0 blk=0 corrupt=0 failed=false
[183/750] sympy_27839_28017__occ__s1 n=13 done=13 lost=0 blk=0 corrupt=0 failed=false
[184/750] sympy_27839_28017__git_three_way__s1 n=13 done=13 lost=0 blk=0 corrupt=0 failed=false
[185/750] sympy_27839_28017__bare_composer__s1 n=13 done=13 lost=0 blk=0 corrupt=0 failed=false
[186/750] sympy_27839_28017__steward__s2 n=13 done=13 lost=0 blk=0 corrupt=0 failed=false
[187/750] sympy_27839_28017__file_lock__s2 n=13 done=13 lost=0 blk=0 corrupt=0 failed=false
[188/750] sympy_27839_28017__occ__s2 n=13 done=13 lost=0 blk=0 corrupt=0 failed=false
[189/750] sympy_27839_28017__git_three_way__s2 n=13 done=13 lost=0 blk=0 corrupt=0 failed=false
[190/750] sympy_27839_28017__bare_composer__s2 n=13 done=13 lost=0 blk=0 corrupt=0 failed=false
[191/750] sympy_27839_28017__steward__s3 n=13 done=13 lost=0 blk=0 corrupt=0 failed=false
[192/750] sympy_27839_28017__file_lock__s3 n=13 done=13 lost=0 blk=0 corrupt=0 failed=false
[193/750] sympy_27839_28017__occ__s3 n=13 done=13 lost=0 blk=0 corrupt=0 failed=false
[194/750] sympy_27839_28017__git_three_way__s3 n=13 done=13 lost=0 blk=0 corrupt=0 failed=false
[195/750] sympy_27839_28017__bare_composer__s3 n=13 done=13 lost=0 blk=0 corrupt=0 failed=false
[196/750] sympy_27839_28017__file_lock__s4 n=13 done=13 lost=0 blk=0 corrupt=0 failed=false
[197/750] sympy_27839_28017__steward__s4 n=13 done=13 lost=0 blk=0 corrupt=0 failed=false
[198/750] sympy_27839_28017__occ__s4 n=13 done=13 lost=0 blk=0 corrupt=0 failed=false
[199/750] sympy_27839_28017__git_three_way__s4 n=13 done=13 lost=0 blk=0 corrupt=0 failed=false
[200/750] sympy_27839_28017__bare_composer__s4 n=13 done=13 lost=0 blk=0 corrupt=0 failed=false
[201/750] sympy_27414_27492__steward__s0 n=38 done=38 lost=0 blk=0 corrupt=0 failed=false
[202/750] sympy_27414_27492__file_lock__s0 n=38 done=38 lost=0 blk=0 corrupt=0 failed=false
[203/750] sympy_27414_27492__occ__s0 n=38 done=38 lost=0 blk=0 corrupt=0 failed=false
[204/750] sympy_27414_27492__git_three_way__s0 n=38 done=38 lost=0 blk=0 corrupt=0 failed=false
[205/750] sympy_27414_27492__bare_composer__s0 n=38 done=38 lost=0 blk=0 corrupt=0 failed=false
[206/750] sympy_27414_27492__steward__s1 n=38 done=38 lost=0 blk=0 corrupt=0 failed=false
[207/750] sympy_27414_27492__file_lock__s1 n=38 done=38 lost=0 blk=0 corrupt=0 failed=false
[208/750] sympy_27414_27492__occ__s1 n=38 done=38 lost=0 blk=0 corrupt=0 failed=false
[209/750] sympy_27414_27492__git_three_way__s1 n=38 done=38 lost=0 blk=0 corrupt=0 failed=false
[210/750] sympy_27414_27492__bare_composer__s1 n=38 done=38 lost=0 blk=0 corrupt=0 failed=false
[211/750] sympy_27414_27492__file_lock__s2 n=38 done=38 lost=0 blk=0 corrupt=0 failed=false
[212/750] sympy_27414_27492__occ__s2 n=38 done=38 lost=0 blk=0 corrupt=0 failed=false
[213/750] sympy_27414_27492__steward__s2 n=38 done=38 lost=0 blk=0 corrupt=0 failed=false
[214/750] sympy_27414_27492__git_three_way__s2 n=38 done=38 lost=0 blk=0 corrupt=0 failed=false
[215/750] sympy_27414_27492__bare_composer__s2 n=38 done=38 lost=0 blk=0 corrupt=0 failed=false
[216/750] sympy_27414_27492__steward__s3 n=38 done=38 lost=0 blk=0 corrupt=0 failed=false
[217/750] sympy_27414_27492__file_lock__s3 n=38 done=38 lost=0 blk=0 corrupt=0 failed=false
[218/750] sympy_27414_27492__occ__s3 n=38 done=38 lost=0 blk=0 corrupt=0 failed=false
[219/750] sympy_27414_27492__git_three_way__s3 n=38 done=38 lost=0 blk=0 corrupt=0 failed=false
[220/750] sympy_27414_27492__bare_composer__s3 n=38 done=38 lost=0 blk=0 corrupt=0 failed=false
[221/750] sympy_27414_27492__steward__s4 n=38 done=38 lost=0 blk=0 corrupt=0 failed=false
[222/750] sympy_27414_27492__file_lock__s4 n=38 done=38 lost=0 blk=0 corrupt=0 failed=false
[223/750] sympy_27414_27492__occ__s4 n=38 done=38 lost=0 blk=0 corrupt=0 failed=false
[224/750] sympy_27414_27492__git_three_way__s4 n=38 done=38 lost=0 blk=0 corrupt=0 failed=false
[225/750] sympy_27414_27492__bare_composer__s4 n=38 done=38 lost=0 blk=0 corrupt=0 failed=false
[226/750] sympy_28294_28382__steward__s0 n=5 done=5 lost=0 blk=0 corrupt=0 failed=false
[227/750] sympy_28294_28382__file_lock__s0 n=5 done=5 lost=0 blk=0 corrupt=0 failed=false
[228/750] sympy_28294_28382__occ__s0 n=5 done=5 lost=0 blk=0 corrupt=0 failed=false
[229/750] sympy_28294_28382__git_three_way__s0 n=5 done=5 lost=0 blk=0 corrupt=0 failed=false
[230/750] sympy_28294_28382__bare_composer__s0 n=5 done=5 lost=0 blk=0 corrupt=0 failed=false
[231/750] sympy_28294_28382__file_lock__s1 n=5 done=5 lost=0 blk=0 corrupt=0 failed=false
[232/750] sympy_28294_28382__steward__s1 n=5 done=5 lost=0 blk=0 corrupt=0 failed=false
[233/750] sympy_28294_28382__occ__s1 n=5 done=5 lost=0 blk=0 corrupt=0 failed=false
[234/750] sympy_28294_28382__git_three_way__s1 n=5 done=5 lost=0 blk=0 corrupt=0 failed=false
[235/750] sympy_28294_28382__bare_composer__s1 n=5 done=5 lost=0 blk=0 corrupt=0 failed=false
[236/750] sympy_28294_28382__steward__s2 n=5 done=5 lost=0 blk=0 corrupt=0 failed=false
[237/750] sympy_28294_28382__file_lock__s2 n=5 done=5 lost=0 blk=0 corrupt=0 failed=false
[238/750] sympy_28294_28382__occ__s2 n=5 done=5 lost=0 blk=0 corrupt=0 failed=false
[239/750] sympy_28294_28382__git_three_way__s2 n=5 done=5 lost=0 blk=0 corrupt=0 failed=false
[240/750] sympy_28294_28382__bare_composer__s2 n=5 done=5 lost=0 blk=0 corrupt=0 failed=false
[241/750] sympy_28294_28382__steward__s3 n=5 done=5 lost=0 blk=0 corrupt=0 failed=false
[242/750] sympy_28294_28382__file_lock__s3 n=5 done=5 lost=0 blk=0 corrupt=0 failed=false
[243/750] sympy_28294_28382__occ__s3 n=5 done=5 lost=0 blk=0 corrupt=0 failed=false
[244/750] sympy_28294_28382__git_three_way__s3 n=5 done=5 lost=0 blk=0 corrupt=0 failed=false
[245/750] sympy_28294_28382__bare_composer__s3 n=5 done=5 lost=0 blk=0 corrupt=0 failed=false
[246/750] sympy_28294_28382__file_lock__s4 n=5 done=5 lost=0 blk=0 corrupt=0 failed=false
[247/750] sympy_28294_28382__steward__s4 n=5 done=5 lost=0 blk=0 corrupt=0 failed=false
[248/750] sympy_28294_28382__occ__s4 n=5 done=5 lost=0 blk=0 corrupt=0 failed=false
[249/750] sympy_28294_28382__git_three_way__s4 n=5 done=5 lost=0 blk=0 corrupt=0 failed=false
[250/750] sympy_28294_28382__bare_composer__s4 n=5 done=5 lost=0 blk=0 corrupt=0 failed=false
[251/750] xarray_9070_9808__steward__s0 n=11 done=11 lost=0 blk=0 corrupt=0 failed=false
[252/750] xarray_9070_9808__file_lock__s0 n=11 done=11 lost=0 blk=0 corrupt=0 failed=false
[253/750] xarray_9070_9808__occ__s0 n=11 done=11 lost=0 blk=0 corrupt=0 failed=false
[254/750] xarray_9070_9808__git_three_way__s0 n=11 done=11 lost=0 blk=0 corrupt=0 failed=false
[255/750] xarray_9070_9808__bare_composer__s0 n=11 done=11 lost=0 blk=0 corrupt=0 failed=false
[256/750] xarray_9070_9808__steward__s1 n=11 done=11 lost=0 blk=0 corrupt=0 failed=false
[257/750] xarray_9070_9808__file_lock__s1 n=11 done=11 lost=0 blk=0 corrupt=0 failed=false
[258/750] xarray_9070_9808__occ__s1 n=11 done=11 lost=0 blk=0 corrupt=0 failed=false
[259/750] xarray_9070_9808__git_three_way__s1 n=11 done=11 lost=0 blk=0 corrupt=0 failed=false
[260/750] xarray_9070_9808__bare_composer__s1 n=11 done=11 lost=0 blk=0 corrupt=0 failed=false
[261/750] xarray_9070_9808__steward__s2 n=11 done=11 lost=0 blk=0 corrupt=0 failed=false
[262/750] xarray_9070_9808__file_lock__s2 n=11 done=11 lost=0 blk=0 corrupt=0 failed=false
[263/750] xarray_9070_9808__occ__s2 n=11 done=11 lost=0 blk=0 corrupt=0 failed=false
[264/750] xarray_9070_9808__git_three_way__s2 n=11 done=11 lost=0 blk=0 corrupt=0 failed=false
[265/750] xarray_9070_9808__bare_composer__s2 n=11 done=11 lost=0 blk=0 corrupt=0 failed=false
[266/750] xarray_9070_9808__file_lock__s3 n=11 done=11 lost=0 blk=0 corrupt=0 failed=false
[267/750] xarray_9070_9808__steward__s3 n=11 done=11 lost=0 blk=0 corrupt=0 failed=false
[268/750] xarray_9070_9808__occ__s3 n=11 done=11 lost=0 blk=0 corrupt=0 failed=false
[269/750] xarray_9070_9808__git_three_way__s3 n=11 done=11 lost=0 blk=0 corrupt=0 failed=false
[270/750] xarray_9070_9808__bare_composer__s3 n=11 done=11 lost=0 blk=0 corrupt=0 failed=false
[271/750] xarray_9070_9808__steward__s4 n=11 done=11 lost=0 blk=0 corrupt=0 failed=false
[272/750] xarray_9070_9808__file_lock__s4 n=11 done=11 lost=0 blk=0 corrupt=0 failed=false
[273/750] xarray_9070_9808__occ__s4 n=11 done=11 lost=0 blk=0 corrupt=0 failed=false
[274/750] xarray_9070_9808__git_three_way__s4 n=11 done=11 lost=0 blk=0 corrupt=0 failed=false
[275/750] xarray_9070_9808__bare_composer__s4 n=11 done=11 lost=0 blk=0 corrupt=0 failed=false
[276/750] xarray_10844_10884__steward__s0 n=3 done=3 lost=0 blk=0 corrupt=0 failed=false
[277/750] xarray_10844_10884__file_lock__s0 n=3 done=3 lost=0 blk=0 corrupt=0 failed=false
[278/750] xarray_10844_10884__git_three_way__s0 n=3 done=3 lost=0 blk=0 corrupt=0 failed=false
[279/750] xarray_10844_10884__occ__s0 n=3 done=3 lost=0 blk=0 corrupt=0 failed=false
[280/750] xarray_10844_10884__bare_composer__s0 n=3 done=3 lost=0 blk=0 corrupt=0 failed=false
[281/750] xarray_10844_10884__file_lock__s1 n=3 done=3 lost=0 blk=0 corrupt=0 failed=false
[282/750] xarray_10844_10884__steward__s1 n=3 done=3 lost=0 blk=0 corrupt=0 failed=false
[283/750] xarray_10844_10884__occ__s1 n=3 done=3 lost=0 blk=0 corrupt=0 failed=false
[284/750] xarray_10844_10884__git_three_way__s1 n=3 done=3 lost=0 blk=0 corrupt=0 failed=false
[285/750] xarray_10844_10884__bare_composer__s1 n=3 done=3 lost=0 blk=0 corrupt=0 failed=false
[286/750] xarray_10844_10884__steward__s2 n=3 done=3 lost=0 blk=0 corrupt=0 failed=false
[287/750] xarray_10844_10884__occ__s2 n=3 done=3 lost=0 blk=0 corrupt=0 failed=false
[288/750] xarray_10844_10884__file_lock__s2 n=3 done=3 lost=0 blk=0 corrupt=0 failed=false
[289/750] xarray_10844_10884__git_three_way__s2 n=3 done=3 lost=0 blk=0 corrupt=0 failed=false
[290/750] xarray_10844_10884__bare_composer__s2 n=3 done=3 lost=0 blk=0 corrupt=0 failed=false
[291/750] xarray_10844_10884__steward__s3 n=3 done=3 lost=0 blk=0 corrupt=0 failed=false
[292/750] xarray_10844_10884__file_lock__s3 n=3 done=3 lost=0 blk=0 corrupt=0 failed=false
[293/750] xarray_10844_10884__occ__s3 n=3 done=3 lost=0 blk=0 corrupt=0 failed=false
[294/750] xarray_10844_10884__git_three_way__s3 n=3 done=3 lost=0 blk=0 corrupt=0 failed=false
[295/750] xarray_10844_10884__bare_composer__s3 n=3 done=3 lost=0 blk=0 corrupt=0 failed=false
[296/750] xarray_10844_10884__file_lock__s4 n=3 done=3 lost=0 blk=0 corrupt=0 failed=false
[297/750] xarray_10844_10884__steward__s4 n=3 done=3 lost=0 blk=0 corrupt=0 failed=false
[298/750] xarray_10844_10884__occ__s4 n=3 done=3 lost=0 blk=0 corrupt=0 failed=false
[299/750] xarray_10844_10884__git_three_way__s4 n=3 done=3 lost=0 blk=0 corrupt=0 failed=false
[300/750] xarray_10844_10884__bare_composer__s4 n=3 done=3 lost=0 blk=0 corrupt=0 failed=false
[301/750] xarray_8754_8865__steward__s0 n=7 done=7 lost=0 blk=0 corrupt=0 failed=false
[302/750] xarray_8754_8865__file_lock__s0 n=7 done=7 lost=0 blk=0 corrupt=0 failed=false
[303/750] xarray_8754_8865__occ__s0 n=7 done=7 lost=0 blk=0 corrupt=0 failed=false
[304/750] xarray_8754_8865__git_three_way__s0 n=7 done=7 lost=0 blk=0 corrupt=0 failed=false
[305/750] xarray_8754_8865__bare_composer__s0 n=7 done=7 lost=0 blk=0 corrupt=0 failed=false
[306/750] xarray_8754_8865__steward__s1 n=7 done=7 lost=0 blk=0 corrupt=0 failed=false
[307/750] xarray_8754_8865__file_lock__s1 n=7 done=7 lost=0 blk=0 corrupt=0 failed=false
[308/750] xarray_8754_8865__git_three_way__s1 n=7 done=7 lost=0 blk=0 corrupt=0 failed=false
[309/750] xarray_8754_8865__occ__s1 n=7 done=7 lost=0 blk=0 corrupt=0 failed=false
[310/750] xarray_8754_8865__bare_composer__s1 n=7 done=7 lost=0 blk=0 corrupt=0 failed=false
[311/750] xarray_8754_8865__file_lock__s2 n=7 done=7 lost=0 blk=0 corrupt=0 failed=false
[312/750] xarray_8754_8865__steward__s2 n=7 done=7 lost=0 blk=0 corrupt=0 failed=false
[313/750] xarray_8754_8865__occ__s2 n=7 done=7 lost=0 blk=0 corrupt=0 failed=false
[314/750] xarray_8754_8865__git_three_way__s2 n=7 done=7 lost=0 blk=0 corrupt=0 failed=false
[315/750] xarray_8754_8865__bare_composer__s2 n=7 done=7 lost=0 blk=0 corrupt=0 failed=false
[316/750] xarray_8754_8865__steward__s3 n=7 done=7 lost=0 blk=0 corrupt=0 failed=false
[317/750] xarray_8754_8865__file_lock__s3 n=7 done=7 lost=0 blk=0 corrupt=0 failed=false
[318/750] xarray_8754_8865__occ__s3 n=7 done=7 lost=0 blk=0 corrupt=0 failed=false
[319/750] xarray_8754_8865__git_three_way__s3 n=7 done=7 lost=0 blk=0 corrupt=0 failed=false
[320/750] xarray_8754_8865__bare_composer__s3 n=7 done=7 lost=0 blk=0 corrupt=0 failed=false
[321/750] xarray_8754_8865__steward__s4 n=7 done=7 lost=0 blk=0 corrupt=0 failed=false
[322/750] xarray_8754_8865__file_lock__s4 n=7 done=7 lost=0 blk=0 corrupt=0 failed=false
[323/750] xarray_8754_8865__occ__s4 n=7 done=7 lost=0 blk=0 corrupt=0 failed=false
[324/750] xarray_8754_8865__git_three_way__s4 n=7 done=7 lost=0 blk=0 corrupt=0 failed=false
[325/750] xarray_8754_8865__bare_composer__s4 n=7 done=7 lost=0 blk=0 corrupt=0 failed=false
[326/750] xarray_8854_9013__steward__s0 n=55 done=55 lost=0 blk=0 corrupt=0 failed=false
[327/750] xarray_8854_9013__file_lock__s0 n=55 done=55 lost=0 blk=0 corrupt=0 failed=false
[328/750] xarray_8854_9013__occ__s0 n=55 done=55 lost=0 blk=0 corrupt=0 failed=false
[329/750] xarray_8854_9013__git_three_way__s0 n=55 done=55 lost=0 blk=0 corrupt=0 failed=false
[330/750] xarray_8854_9013__bare_composer__s0 n=55 done=55 lost=0 blk=0 corrupt=0 failed=false
[331/750] xarray_8854_9013__steward__s1 n=55 done=55 lost=0 blk=0 corrupt=0 failed=false
[332/750] xarray_8854_9013__file_lock__s1 n=55 done=55 lost=0 blk=0 corrupt=0 failed=false
[333/750] xarray_8854_9013__occ__s1 n=55 done=55 lost=0 blk=0 corrupt=0 failed=false
[334/750] xarray_8854_9013__git_three_way__s1 n=55 done=55 lost=0 blk=0 corrupt=0 failed=false
[335/750] xarray_8854_9013__bare_composer__s1 n=55 done=55 lost=0 blk=0 corrupt=0 failed=false
[336/750] xarray_8854_9013__file_lock__s2 n=55 done=55 lost=0 blk=0 corrupt=0 failed=false
[337/750] xarray_8854_9013__steward__s2 n=55 done=55 lost=0 blk=0 corrupt=0 failed=false
[338/750] xarray_8854_9013__occ__s2 n=55 done=55 lost=0 blk=0 corrupt=0 failed=false
[339/750] xarray_8854_9013__git_three_way__s2 n=55 done=55 lost=0 blk=0 corrupt=0 failed=false
[340/750] xarray_8854_9013__bare_composer__s2 n=55 done=55 lost=0 blk=0 corrupt=0 failed=false
[341/750] xarray_8854_9013__steward__s3 n=55 done=55 lost=0 blk=0 corrupt=0 failed=false
[342/750] xarray_8854_9013__file_lock__s3 n=55 done=55 lost=0 blk=0 corrupt=0 failed=false
[343/750] xarray_8854_9013__occ__s3 n=55 done=55 lost=0 blk=0 corrupt=0 failed=false
[344/750] xarray_8854_9013__git_three_way__s3 n=55 done=55 lost=0 blk=0 corrupt=0 failed=false
[345/750] xarray_8854_9013__bare_composer__s3 n=55 done=55 lost=0 blk=0 corrupt=0 failed=false
[346/750] xarray_8854_9013__steward__s4 n=55 done=55 lost=0 blk=0 corrupt=0 failed=false
[347/750] xarray_8854_9013__file_lock__s4 n=55 done=55 lost=0 blk=0 corrupt=0 failed=false
[348/750] xarray_8854_9013__occ__s4 n=55 done=55 lost=0 blk=0 corrupt=0 failed=false
[349/750] xarray_8854_9013__git_three_way__s4 n=55 done=55 lost=0 blk=0 corrupt=0 failed=false
[350/750] xarray_8854_9013__bare_composer__s4 n=55 done=55 lost=0 blk=0 corrupt=0 failed=false
[351/750] xarray_10318_10650__steward__s0 n=17 done=17 lost=0 blk=0 corrupt=0 failed=false
[352/750] xarray_10318_10650__file_lock__s0 n=17 done=17 lost=0 blk=0 corrupt=0 failed=false
[353/750] xarray_10318_10650__git_three_way__s0 n=17 done=17 lost=0 blk=0 corrupt=0 failed=false
[354/750] xarray_10318_10650__occ__s0 n=17 done=17 lost=0 blk=0 corrupt=0 failed=false
[355/750] xarray_10318_10650__bare_composer__s0 n=17 done=17 lost=0 blk=0 corrupt=0 failed=false
[356/750] xarray_10318_10650__file_lock__s1 n=17 done=17 lost=0 blk=0 corrupt=0 failed=false
[357/750] xarray_10318_10650__steward__s1 n=17 done=17 lost=0 blk=0 corrupt=0 failed=false
[358/750] xarray_10318_10650__occ__s1 n=17 done=17 lost=0 blk=0 corrupt=0 failed=false
[359/750] xarray_10318_10650__git_three_way__s1 n=17 done=17 lost=0 blk=0 corrupt=0 failed=false
[360/750] xarray_10318_10650__bare_composer__s1 n=17 done=17 lost=0 blk=0 corrupt=0 failed=false
[361/750] xarray_10318_10650__steward__s2 n=17 done=17 lost=0 blk=0 corrupt=0 failed=false
[362/750] xarray_10318_10650__occ__s2 n=17 done=17 lost=0 blk=0 corrupt=0 failed=false
[363/750] xarray_10318_10650__file_lock__s2 n=17 done=17 lost=0 blk=0 corrupt=0 failed=false
[364/750] xarray_10318_10650__git_three_way__s2 n=17 done=17 lost=0 blk=0 corrupt=0 failed=false
[365/750] xarray_10318_10650__file_lock__s3 n=17 done=17 lost=0 blk=0 corrupt=0 failed=false
[366/750] xarray_10318_10650__bare_composer__s2 n=17 done=17 lost=0 blk=0 corrupt=0 failed=false
[367/750] xarray_10318_10650__steward__s3 n=17 done=17 lost=0 blk=0 corrupt=0 failed=false
[368/750] xarray_10318_10650__occ__s3 n=17 done=17 lost=0 blk=0 corrupt=0 failed=false
[369/750] xarray_10318_10650__git_three_way__s3 n=17 done=17 lost=0 blk=0 corrupt=0 failed=false
[370/750] xarray_10318_10650__bare_composer__s3 n=17 done=17 lost=0 blk=0 corrupt=0 failed=false
[371/750] xarray_10318_10650__file_lock__s4 n=17 done=17 lost=0 blk=0 corrupt=0 failed=false
[372/750] xarray_10318_10650__steward__s4 n=17 done=17 lost=0 blk=0 corrupt=0 failed=false
[373/750] xarray_10318_10650__occ__s4 n=17 done=17 lost=0 blk=0 corrupt=0 failed=false
[374/750] xarray_10318_10650__git_three_way__s4 n=17 done=17 lost=0 blk=0 corrupt=0 failed=false
[375/750] xarray_10318_10650__bare_composer__s4 n=17 done=17 lost=0 blk=0 corrupt=0 failed=false
[376/750] pytest_12130_12250__steward__s0 n=17 done=17 lost=0 blk=0 corrupt=0 failed=false
[377/750] pytest_12130_12250__file_lock__s0 n=17 done=17 lost=0 blk=0 corrupt=0 failed=false
[378/750] pytest_12130_12250__occ__s0 n=17 done=17 lost=0 blk=0 corrupt=0 failed=false
[379/750] pytest_12130_12250__git_three_way__s0 n=17 done=17 lost=0 blk=0 corrupt=0 failed=false
[380/750] pytest_12130_12250__file_lock__s1 n=17 done=17 lost=0 blk=0 corrupt=0 failed=false
[381/750] pytest_12130_12250__bare_composer__s0 n=17 done=17 lost=0 blk=0 corrupt=0 failed=false
[382/750] pytest_12130_12250__steward__s1 n=17 done=17 lost=0 blk=0 corrupt=0 failed=false
[383/750] pytest_12130_12250__occ__s1 n=17 done=17 lost=0 blk=0 corrupt=0 failed=false
[384/750] pytest_12130_12250__git_three_way__s1 n=17 done=17 lost=0 blk=0 corrupt=0 failed=false
[385/750] pytest_12130_12250__bare_composer__s1 n=17 done=17 lost=0 blk=0 corrupt=0 failed=false
[386/750] pytest_12130_12250__file_lock__s2 n=17 done=17 lost=0 blk=0 corrupt=0 failed=false
[387/750] pytest_12130_12250__steward__s2 n=17 done=17 lost=0 blk=0 corrupt=0 failed=false
[388/750] pytest_12130_12250__occ__s2 n=17 done=17 lost=0 blk=0 corrupt=0 failed=false
[389/750] pytest_12130_12250__git_three_way__s2 n=17 done=17 lost=0 blk=0 corrupt=0 failed=false
[390/750] pytest_12130_12250__bare_composer__s2 n=17 done=17 lost=0 blk=0 corrupt=0 failed=false
[391/750] pytest_12130_12250__steward__s3 n=17 done=17 lost=0 blk=0 corrupt=0 failed=false
[392/750] pytest_12130_12250__file_lock__s3 n=17 done=17 lost=0 blk=0 corrupt=0 failed=false
[393/750] pytest_12130_12250__occ__s3 n=17 done=17 lost=0 blk=0 corrupt=0 failed=false
[394/750] pytest_12130_12250__git_three_way__s3 n=17 done=17 lost=0 blk=0 corrupt=0 failed=false
[395/750] pytest_12130_12250__bare_composer__s3 n=17 done=17 lost=0 blk=0 corrupt=0 failed=false
[396/750] pytest_12130_12250__steward__s4 n=17 done=17 lost=0 blk=0 corrupt=0 failed=false
[397/750] pytest_12130_12250__file_lock__s4 n=17 done=17 lost=0 blk=0 corrupt=0 failed=false
[398/750] pytest_12130_12250__occ__s4 n=17 done=17 lost=0 blk=0 corrupt=0 failed=false
[399/750] pytest_12130_12250__git_three_way__s4 n=17 done=17 lost=0 blk=0 corrupt=0 failed=false
[400/750] pytest_12130_12250__bare_composer__s4 n=17 done=17 lost=0 blk=0 corrupt=0 failed=false
[401/750] pytest_11818_12192__steward__s0 n=5 done=5 lost=0 blk=0 corrupt=0 failed=false
[402/750] pytest_11818_12192__file_lock__s0 n=5 done=5 lost=0 blk=0 corrupt=0 failed=false
[403/750] pytest_11818_12192__occ__s0 n=5 done=5 lost=0 blk=0 corrupt=0 failed=false
[404/750] pytest_11818_12192__git_three_way__s0 n=5 done=5 lost=0 blk=0 corrupt=0 failed=false
[405/750] pytest_11818_12192__bare_composer__s0 n=5 done=5 lost=0 blk=0 corrupt=0 failed=false
[406/750] pytest_11818_12192__steward__s1 n=5 done=5 lost=0 blk=0 corrupt=0 failed=false
[407/750] pytest_11818_12192__file_lock__s1 n=5 done=5 lost=0 blk=0 corrupt=0 failed=false
[408/750] pytest_11818_12192__occ__s1 n=5 done=5 lost=0 blk=0 corrupt=0 failed=false
[409/750] pytest_11818_12192__git_three_way__s1 n=5 done=5 lost=0 blk=0 corrupt=0 failed=false
[410/750] pytest_11818_12192__bare_composer__s1 n=5 done=5 lost=0 blk=0 corrupt=0 failed=false
[411/750] pytest_11818_12192__file_lock__s2 n=5 done=5 lost=0 blk=0 corrupt=0 failed=false
[412/750] pytest_11818_12192__steward__s2 n=5 done=5 lost=0 blk=0 corrupt=0 failed=false
[413/750] pytest_11818_12192__occ__s2 n=5 done=5 lost=0 blk=0 corrupt=0 failed=false
[414/750] pytest_11818_12192__git_three_way__s2 n=5 done=5 lost=0 blk=0 corrupt=0 failed=false
[415/750] pytest_11818_12192__bare_composer__s2 n=5 done=5 lost=0 blk=0 corrupt=0 failed=false
[416/750] pytest_11818_12192__steward__s3 n=5 done=5 lost=0 blk=0 corrupt=0 failed=false
[417/750] pytest_11818_12192__occ__s3 n=5 done=5 lost=0 blk=0 corrupt=0 failed=false
[418/750] pytest_11818_12192__file_lock__s3 n=5 done=5 lost=0 blk=0 corrupt=0 failed=false
[419/750] pytest_11818_12192__git_three_way__s3 n=5 done=5 lost=0 blk=0 corrupt=0 failed=false
[420/750] pytest_11818_12192__bare_composer__s3 n=5 done=5 lost=0 blk=0 corrupt=0 failed=false
[421/750] pytest_11818_12192__steward__s4 n=5 done=5 lost=0 blk=0 corrupt=0 failed=false
[422/750] pytest_11818_12192__file_lock__s4 n=5 done=5 lost=0 blk=0 corrupt=0 failed=false
[423/750] pytest_11818_12192__occ__s4 n=5 done=5 lost=0 blk=0 corrupt=0 failed=false
[424/750] pytest_11818_12192__git_three_way__s4 n=5 done=5 lost=0 blk=0 corrupt=0 failed=false
[425/750] pytest_11818_12192__bare_composer__s4 n=5 done=5 lost=0 blk=0 corrupt=0 failed=false
[426/750] pytest_11818_11941__file_lock__s0 n=7 done=7 lost=0 blk=0 corrupt=0 failed=false
[427/750] pytest_11818_11941__steward__s0 n=7 done=7 lost=0 blk=0 corrupt=0 failed=false
[428/750] pytest_11818_11941__occ__s0 n=7 done=7 lost=0 blk=0 corrupt=0 failed=false
[429/750] pytest_11818_11941__git_three_way__s0 n=7 done=7 lost=0 blk=0 corrupt=0 failed=false
[430/750] pytest_11818_11941__bare_composer__s0 n=7 done=7 lost=0 blk=0 corrupt=0 failed=false
[431/750] pytest_11818_11941__steward__s1 n=7 done=7 lost=0 blk=0 corrupt=0 failed=false
[432/750] pytest_11818_11941__file_lock__s1 n=7 done=7 lost=0 blk=0 corrupt=0 failed=false
[433/750] pytest_11818_11941__occ__s1 n=7 done=7 lost=0 blk=0 corrupt=0 failed=false
[434/750] pytest_11818_11941__git_three_way__s1 n=7 done=7 lost=0 blk=0 corrupt=0 failed=false
[435/750] pytest_11818_11941__bare_composer__s1 n=7 done=7 lost=0 blk=0 corrupt=0 failed=false
[436/750] pytest_11818_11941__steward__s2 n=7 done=7 lost=0 blk=0 corrupt=0 failed=false
[437/750] pytest_11818_11941__file_lock__s2 n=7 done=7 lost=0 blk=0 corrupt=0 failed=false
[438/750] pytest_11818_11941__occ__s2 n=7 done=7 lost=0 blk=0 corrupt=0 failed=false
[439/750] pytest_11818_11941__git_three_way__s2 n=7 done=7 lost=0 blk=0 corrupt=0 failed=false
[440/750] pytest_11818_11941__bare_composer__s2 n=7 done=7 lost=0 blk=0 corrupt=0 failed=false
[441/750] pytest_11818_11941__file_lock__s3 n=7 done=7 lost=0 blk=0 corrupt=0 failed=false
[442/750] pytest_11818_11941__steward__s3 n=7 done=7 lost=0 blk=0 corrupt=0 failed=false
[443/750] pytest_11818_11941__occ__s3 n=7 done=7 lost=0 blk=0 corrupt=0 failed=false
[444/750] pytest_11818_11941__git_three_way__s3 n=7 done=7 lost=0 blk=0 corrupt=0 failed=false
[445/750] pytest_11818_11941__bare_composer__s3 n=7 done=7 lost=0 blk=0 corrupt=0 failed=false
[446/750] pytest_11818_11941__steward__s4 n=7 done=7 lost=0 blk=0 corrupt=0 failed=false
[447/750] pytest_11818_11941__file_lock__s4 n=7 done=7 lost=0 blk=0 corrupt=0 failed=false
[448/750] pytest_11818_11941__occ__s4 n=7 done=7 lost=0 blk=0 corrupt=0 failed=false
[449/750] pytest_11818_11941__git_three_way__s4 n=7 done=7 lost=0 blk=0 corrupt=0 failed=false
[450/750] pytest_11818_11941__bare_composer__s4 n=7 done=7 lost=0 blk=0 corrupt=0 failed=false
[451/750] pytest_12810_12959__file_lock__s0 n=5 done=5 lost=0 blk=0 corrupt=0 failed=false
[452/750] pytest_12810_12959__steward__s0 n=5 done=5 lost=0 blk=0 corrupt=0 failed=false
[453/750] pytest_12810_12959__occ__s0 n=5 done=5 lost=0 blk=0 corrupt=0 failed=false
[454/750] pytest_12810_12959__git_three_way__s0 n=5 done=5 lost=0 blk=0 corrupt=0 failed=false
[455/750] pytest_12810_12959__bare_composer__s0 n=5 done=5 lost=0 blk=0 corrupt=0 failed=false
[456/750] pytest_12810_12959__file_lock__s1 n=5 done=5 lost=0 blk=0 corrupt=0 failed=false
[457/750] pytest_12810_12959__steward__s1 n=5 done=5 lost=0 blk=0 corrupt=0 failed=false
[458/750] pytest_12810_12959__occ__s1 n=5 done=5 lost=0 blk=0 corrupt=0 failed=false
[459/750] pytest_12810_12959__git_three_way__s1 n=5 done=5 lost=0 blk=0 corrupt=0 failed=false
[460/750] pytest_12810_12959__bare_composer__s1 n=5 done=5 lost=0 blk=0 corrupt=0 failed=false
[461/750] pytest_12810_12959__file_lock__s2 n=5 done=5 lost=0 blk=0 corrupt=0 failed=false
[462/750] pytest_12810_12959__steward__s2 n=5 done=5 lost=0 blk=0 corrupt=0 failed=false
[463/750] pytest_12810_12959__occ__s2 n=5 done=5 lost=0 blk=0 corrupt=0 failed=false
[464/750] pytest_12810_12959__git_three_way__s2 n=5 done=5 lost=0 blk=0 corrupt=0 failed=false
[465/750] pytest_12810_12959__bare_composer__s2 n=5 done=5 lost=0 blk=0 corrupt=0 failed=false
[466/750] pytest_12810_12959__steward__s3 n=5 done=5 lost=0 blk=0 corrupt=0 failed=false
[467/750] pytest_12810_12959__occ__s3 n=5 done=5 lost=0 blk=0 corrupt=0 failed=false
[468/750] pytest_12810_12959__file_lock__s3 n=5 done=5 lost=0 blk=0 corrupt=0 failed=false
[469/750] pytest_12810_12959__git_three_way__s3 n=5 done=5 lost=0 blk=0 corrupt=0 failed=false
[470/750] pytest_12810_12959__bare_composer__s3 n=5 done=5 lost=0 blk=0 corrupt=0 failed=false
[471/750] pytest_12810_12959__steward__s4 n=5 done=5 lost=0 blk=0 corrupt=0 failed=false
[472/750] pytest_12810_12959__file_lock__s4 n=5 done=5 lost=0 blk=0 corrupt=0 failed=false
[473/750] pytest_12810_12959__occ__s4 n=5 done=5 lost=0 blk=0 corrupt=0 failed=false
[474/750] pytest_12810_12959__git_three_way__s4 n=5 done=5 lost=0 blk=0 corrupt=0 failed=false
[475/750] pytest_12810_12959__bare_composer__s4 n=5 done=5 lost=0 blk=0 corrupt=0 failed=false
[476/750] pytest_13575_13727__file_lock__s0 n=15 done=15 lost=0 blk=0 corrupt=0 failed=false
[477/750] pytest_13575_13727__steward__s0 n=15 done=15 lost=0 blk=0 corrupt=0 failed=false
[478/750] pytest_13575_13727__occ__s0 n=15 done=15 lost=0 blk=0 corrupt=0 failed=false
[479/750] pytest_13575_13727__git_three_way__s0 n=15 done=15 lost=0 blk=0 corrupt=0 failed=false
[480/750] pytest_13575_13727__bare_composer__s0 n=15 done=15 lost=0 blk=0 corrupt=0 failed=false
[481/750] pytest_13575_13727__steward__s1 n=15 done=15 lost=0 blk=0 corrupt=0 failed=false
[482/750] pytest_13575_13727__file_lock__s1 n=15 done=15 lost=0 blk=0 corrupt=0 failed=false
[483/750] pytest_13575_13727__occ__s1 n=15 done=15 lost=0 blk=0 corrupt=0 failed=false
[484/750] pytest_13575_13727__git_three_way__s1 n=15 done=15 lost=0 blk=0 corrupt=0 failed=false
[485/750] pytest_13575_13727__bare_composer__s1 n=15 done=15 lost=0 blk=0 corrupt=0 failed=false
[486/750] pytest_13575_13727__steward__s2 n=15 done=15 lost=0 blk=0 corrupt=0 failed=false
[487/750] pytest_13575_13727__file_lock__s2 n=15 done=15 lost=0 blk=0 corrupt=0 failed=false
[488/750] pytest_13575_13727__occ__s2 n=15 done=15 lost=0 blk=0 corrupt=0 failed=false
[489/750] pytest_13575_13727__git_three_way__s2 n=15 done=15 lost=0 blk=0 corrupt=0 failed=false
[490/750] pytest_13575_13727__bare_composer__s2 n=15 done=15 lost=0 blk=0 corrupt=0 failed=false
[491/750] pytest_13575_13727__steward__s3 n=15 done=15 lost=0 blk=0 corrupt=0 failed=false
[492/750] pytest_13575_13727__file_lock__s3 n=15 done=15 lost=0 blk=0 corrupt=0 failed=false
[493/750] pytest_13575_13727__occ__s3 n=15 done=15 lost=0 blk=0 corrupt=0 failed=false
[494/750] pytest_13575_13727__git_three_way__s3 n=15 done=15 lost=0 blk=0 corrupt=0 failed=false
[495/750] pytest_13575_13727__bare_composer__s3 n=15 done=15 lost=0 blk=0 corrupt=0 failed=false
[496/750] pytest_13575_13727__steward__s4 n=15 done=15 lost=0 blk=0 corrupt=0 failed=false
[497/750] pytest_13575_13727__file_lock__s4 n=15 done=15 lost=0 blk=0 corrupt=0 failed=false
[498/750] pytest_13575_13727__occ__s4 n=15 done=15 lost=0 blk=0 corrupt=0 failed=false
[499/750] pytest_13575_13727__git_three_way__s4 n=15 done=15 lost=0 blk=0 corrupt=0 failed=false
[500/750] pytest_13575_13727__bare_composer__s4 n=15 done=15 lost=0 blk=0 corrupt=0 failed=false
[501/750] sphinx_11280_13211__steward__s0 n=10 done=10 lost=0 blk=0 corrupt=0 failed=false
[502/750] sphinx_11280_13211__file_lock__s0 n=10 done=10 lost=0 blk=0 corrupt=0 failed=false
[503/750] sphinx_11280_13211__occ__s0 n=10 done=10 lost=0 blk=0 corrupt=0 failed=false
[504/750] sphinx_11280_13211__git_three_way__s0 n=10 done=10 lost=0 blk=0 corrupt=0 failed=false
[505/750] sphinx_11280_13211__bare_composer__s0 n=10 done=10 lost=0 blk=0 corrupt=0 failed=false
[506/750] sphinx_11280_13211__file_lock__s1 n=10 done=10 lost=0 blk=0 corrupt=0 failed=false
[507/750] sphinx_11280_13211__steward__s1 n=10 done=10 lost=0 blk=0 corrupt=0 failed=false
[508/750] sphinx_11280_13211__occ__s1 n=10 done=10 lost=0 blk=0 corrupt=0 failed=false
[509/750] sphinx_11280_13211__git_three_way__s1 n=10 done=10 lost=0 blk=0 corrupt=0 failed=false
[510/750] sphinx_11280_13211__bare_composer__s1 n=10 done=10 lost=0 blk=0 corrupt=0 failed=false
[511/750] sphinx_11280_13211__steward__s2 n=10 done=10 lost=0 blk=0 corrupt=0 failed=false
[512/750] sphinx_11280_13211__occ__s2 n=10 done=10 lost=0 blk=0 corrupt=0 failed=false
[513/750] sphinx_11280_13211__file_lock__s2 n=10 done=10 lost=0 blk=0 corrupt=0 failed=false
[514/750] sphinx_11280_13211__git_three_way__s2 n=10 done=10 lost=0 blk=0 corrupt=0 failed=false
[515/750] sphinx_11280_13211__bare_composer__s2 n=10 done=10 lost=0 blk=0 corrupt=0 failed=false
[516/750] sphinx_11280_13211__steward__s3 n=10 done=10 lost=0 blk=0 corrupt=0 failed=false
[517/750] sphinx_11280_13211__file_lock__s3 n=10 done=10 lost=0 blk=0 corrupt=0 failed=false
[518/750] sphinx_11280_13211__occ__s3 n=10 done=10 lost=0 blk=0 corrupt=0 failed=false
[519/750] sphinx_11280_13211__git_three_way__s3 n=10 done=10 lost=0 blk=0 corrupt=0 failed=false
[520/750] sphinx_11280_13211__bare_composer__s3 n=10 done=10 lost=0 blk=0 corrupt=0 failed=false
[521/750] sphinx_11280_13211__file_lock__s4 n=10 done=10 lost=0 blk=0 corrupt=0 failed=false
[522/750] sphinx_11280_13211__steward__s4 n=10 done=10 lost=0 blk=0 corrupt=0 failed=false
[523/750] sphinx_11280_13211__occ__s4 n=10 done=10 lost=0 blk=0 corrupt=0 failed=false
[524/750] sphinx_11280_13211__git_three_way__s4 n=10 done=10 lost=0 blk=0 corrupt=0 failed=false
[525/750] sphinx_11280_13211__bare_composer__s4 n=10 done=10 lost=0 blk=0 corrupt=0 failed=false
[526/750] sphinx_13044_13203__steward__s0 n=14 done=14 lost=0 blk=0 corrupt=0 failed=false
[527/750] sphinx_13044_13203__file_lock__s0 n=14 done=14 lost=0 blk=0 corrupt=0 failed=false
[528/750] sphinx_13044_13203__occ__s0 n=14 done=14 lost=0 blk=0 corrupt=0 failed=false
[529/750] sphinx_13044_13203__git_three_way__s0 n=14 done=14 lost=0 blk=0 corrupt=0 failed=false
[530/750] sphinx_13044_13203__bare_composer__s0 n=14 done=14 lost=0 blk=0 corrupt=0 failed=false
[531/750] sphinx_13044_13203__steward__s1 n=14 done=14 lost=0 blk=0 corrupt=0 failed=false
[532/750] sphinx_13044_13203__file_lock__s1 n=14 done=14 lost=0 blk=0 corrupt=0 failed=false
[533/750] sphinx_13044_13203__occ__s1 n=14 done=14 lost=0 blk=0 corrupt=0 failed=false
[534/750] sphinx_13044_13203__git_three_way__s1 n=14 done=14 lost=0 blk=0 corrupt=0 failed=false
[535/750] sphinx_13044_13203__bare_composer__s1 n=14 done=14 lost=0 blk=0 corrupt=0 failed=false
[536/750] sphinx_13044_13203__steward__s2 n=14 done=14 lost=0 blk=0 corrupt=0 failed=false
[537/750] sphinx_13044_13203__file_lock__s2 n=14 done=14 lost=0 blk=0 corrupt=0 failed=false
[538/750] sphinx_13044_13203__occ__s2 n=14 done=14 lost=0 blk=0 corrupt=0 failed=false
[539/750] sphinx_13044_13203__git_three_way__s2 n=14 done=14 lost=0 blk=0 corrupt=0 failed=false
[540/750] sphinx_13044_13203__bare_composer__s2 n=14 done=14 lost=0 blk=0 corrupt=0 failed=false
[541/750] sphinx_13044_13203__file_lock__s3 n=14 done=14 lost=0 blk=0 corrupt=0 failed=false
[542/750] sphinx_13044_13203__steward__s3 n=14 done=14 lost=0 blk=0 corrupt=0 failed=false
[543/750] sphinx_13044_13203__occ__s3 n=14 done=14 lost=0 blk=0 corrupt=0 failed=false
[544/750] sphinx_13044_13203__git_three_way__s3 n=14 done=14 lost=0 blk=0 corrupt=0 failed=false
[545/750] sphinx_13044_13203__bare_composer__s3 n=14 done=14 lost=0 blk=0 corrupt=0 failed=false
[546/750] sphinx_13044_13203__steward__s4 n=14 done=14 lost=0 blk=0 corrupt=0 failed=false
[547/750] sphinx_13044_13203__file_lock__s4 n=14 done=14 lost=0 blk=0 corrupt=0 failed=false
[548/750] sphinx_13044_13203__occ__s4 n=14 done=14 lost=0 blk=0 corrupt=0 failed=false
[549/750] sphinx_13044_13203__git_three_way__s4 n=14 done=14 lost=0 blk=0 corrupt=0 failed=false
[550/750] sphinx_13044_13203__bare_composer__s4 n=14 done=14 lost=0 blk=0 corrupt=0 failed=false
[551/750] sphinx_11837_11848__steward__s0 n=9 done=9 lost=0 blk=0 corrupt=0 failed=false
[552/750] sphinx_11837_11848__file_lock__s0 n=9 done=9 lost=0 blk=0 corrupt=0 failed=false
[553/750] sphinx_11837_11848__occ__s0 n=9 done=9 lost=0 blk=0 corrupt=0 failed=false
[554/750] sphinx_11837_11848__git_three_way__s0 n=9 done=9 lost=0 blk=0 corrupt=0 failed=false
[555/750] sphinx_11837_11848__bare_composer__s0 n=9 done=9 lost=0 blk=0 corrupt=0 failed=false
[556/750] sphinx_11837_11848__file_lock__s1 n=9 done=9 lost=0 blk=0 corrupt=0 failed=false
[557/750] sphinx_11837_11848__steward__s1 n=9 done=9 lost=0 blk=0 corrupt=0 failed=false
[558/750] sphinx_11837_11848__occ__s1 n=9 done=9 lost=0 blk=0 corrupt=0 failed=false
[559/750] sphinx_11837_11848__git_three_way__s1 n=9 done=9 lost=0 blk=0 corrupt=0 failed=false
[560/750] sphinx_11837_11848__bare_composer__s1 n=9 done=9 lost=0 blk=0 corrupt=0 failed=false
[561/750] sphinx_11837_11848__steward__s2 n=9 done=9 lost=0 blk=0 corrupt=0 failed=false
[562/750] sphinx_11837_11848__file_lock__s2 n=9 done=9 lost=0 blk=0 corrupt=0 failed=false
[563/750] sphinx_11837_11848__occ__s2 n=9 done=9 lost=0 blk=0 corrupt=0 failed=false
[564/750] sphinx_11837_11848__git_three_way__s2 n=9 done=9 lost=0 blk=0 corrupt=0 failed=false
[565/750] sphinx_11837_11848__bare_composer__s2 n=9 done=9 lost=0 blk=0 corrupt=0 failed=false
[566/750] sphinx_11837_11848__steward__s3 n=9 done=9 lost=0 blk=0 corrupt=0 failed=false
[567/750] sphinx_11837_11848__file_lock__s3 n=9 done=9 lost=0 blk=0 corrupt=0 failed=false
[568/750] sphinx_11837_11848__occ__s3 n=9 done=9 lost=0 blk=0 corrupt=0 failed=false
[569/750] sphinx_11837_11848__git_three_way__s3 n=9 done=9 lost=0 blk=0 corrupt=0 failed=false
[570/750] sphinx_11837_11848__bare_composer__s3 n=9 done=9 lost=0 blk=0 corrupt=0 failed=false
[571/750] sphinx_11837_11848__file_lock__s4 n=9 done=9 lost=0 blk=0 corrupt=0 failed=false
[572/750] sphinx_11837_11848__steward__s4 n=9 done=9 lost=0 blk=0 corrupt=0 failed=false
[573/750] sphinx_11837_11848__occ__s4 n=9 done=9 lost=0 blk=0 corrupt=0 failed=false
[574/750] sphinx_11837_11848__git_three_way__s4 n=9 done=9 lost=0 blk=0 corrupt=0 failed=false
[575/750] sphinx_11837_11848__bare_composer__s4 n=9 done=9 lost=0 blk=0 corrupt=0 failed=false
[576/750] sphinx_12646_12651__steward__s0 n=22 done=22 lost=0 blk=0 corrupt=0 failed=false
[577/750] sphinx_12646_12651__file_lock__s0 n=22 done=22 lost=0 blk=0 corrupt=0 failed=false
[578/750] sphinx_12646_12651__occ__s0 n=22 done=22 lost=0 blk=0 corrupt=0 failed=false
[579/750] sphinx_12646_12651__git_three_way__s0 n=22 done=22 lost=0 blk=0 corrupt=0 failed=false
[580/750] sphinx_12646_12651__bare_composer__s0 n=22 done=22 lost=0 blk=0 corrupt=0 failed=false
[581/750] sphinx_12646_12651__steward__s1 n=22 done=22 lost=0 blk=0 corrupt=0 failed=false
[582/750] sphinx_12646_12651__file_lock__s1 n=22 done=22 lost=0 blk=0 corrupt=0 failed=false
[583/750] sphinx_12646_12651__occ__s1 n=22 done=22 lost=0 blk=0 corrupt=0 failed=false
[584/750] sphinx_12646_12651__git_three_way__s1 n=22 done=22 lost=0 blk=0 corrupt=0 failed=false
[585/750] sphinx_12646_12651__bare_composer__s1 n=22 done=22 lost=0 blk=0 corrupt=0 failed=false
[586/750] sphinx_12646_12651__file_lock__s2 n=22 done=22 lost=0 blk=0 corrupt=0 failed=false
[587/750] sphinx_12646_12651__steward__s2 n=22 done=22 lost=0 blk=0 corrupt=0 failed=false
[588/750] sphinx_12646_12651__occ__s2 n=22 done=22 lost=0 blk=0 corrupt=0 failed=false
[589/750] sphinx_12646_12651__git_three_way__s2 n=22 done=22 lost=0 blk=0 corrupt=0 failed=false
[590/750] sphinx_12646_12651__bare_composer__s2 n=22 done=22 lost=0 blk=0 corrupt=0 failed=false
[591/750] sphinx_12646_12651__steward__s3 n=22 done=22 lost=0 blk=0 corrupt=0 failed=false
[592/750] sphinx_12646_12651__file_lock__s3 n=22 done=22 lost=0 blk=0 corrupt=0 failed=false
[593/750] sphinx_12646_12651__occ__s3 n=22 done=22 lost=0 blk=0 corrupt=0 failed=false
[594/750] sphinx_12646_12651__git_three_way__s3 n=22 done=22 lost=0 blk=0 corrupt=0 failed=false
[595/750] sphinx_12646_12651__bare_composer__s3 n=22 done=22 lost=0 blk=0 corrupt=0 failed=false
[596/750] sphinx_12646_12651__steward__s4 n=22 done=22 lost=0 blk=0 corrupt=0 failed=false
[597/750] sphinx_12646_12651__file_lock__s4 n=22 done=22 lost=0 blk=0 corrupt=0 failed=false
[598/750] sphinx_12646_12651__occ__s4 n=22 done=22 lost=0 blk=0 corrupt=0 failed=false
[599/750] sphinx_12646_12651__git_three_way__s4 n=22 done=22 lost=0 blk=0 corrupt=0 failed=false
[600/750] sphinx_12646_12651__bare_composer__s4 n=22 done=22 lost=0 blk=0 corrupt=0 failed=false
[601/750] sphinx_13762_13926__file_lock__s0 n=13 done=13 lost=0 blk=0 corrupt=0 failed=false
[602/750] sphinx_13762_13926__steward__s0 n=13 done=13 lost=0 blk=0 corrupt=0 failed=false
[603/750] sphinx_13762_13926__occ__s0 n=13 done=13 lost=0 blk=0 corrupt=0 failed=false
[604/750] sphinx_13762_13926__git_three_way__s0 n=13 done=13 lost=0 blk=0 corrupt=0 failed=false
[605/750] sphinx_13762_13926__bare_composer__s0 n=13 done=13 lost=0 blk=0 corrupt=0 failed=false
[606/750] sphinx_13762_13926__steward__s1 n=13 done=13 lost=0 blk=0 corrupt=0 failed=false
[607/750] sphinx_13762_13926__file_lock__s1 n=13 done=13 lost=0 blk=0 corrupt=0 failed=false
[608/750] sphinx_13762_13926__occ__s1 n=13 done=13 lost=0 blk=0 corrupt=0 failed=false
[609/750] sphinx_13762_13926__git_three_way__s1 n=13 done=13 lost=0 blk=0 corrupt=0 failed=false
[610/750] sphinx_13762_13926__bare_composer__s1 n=13 done=13 lost=0 blk=0 corrupt=0 failed=false
[611/750] sphinx_13762_13926__steward__s2 n=13 done=13 lost=0 blk=0 corrupt=0 failed=false
[612/750] sphinx_13762_13926__file_lock__s2 n=13 done=13 lost=0 blk=0 corrupt=0 failed=false
[613/750] sphinx_13762_13926__occ__s2 n=13 done=13 lost=0 blk=0 corrupt=0 failed=false
[614/750] sphinx_13762_13926__git_three_way__s2 n=13 done=13 lost=0 blk=0 corrupt=0 failed=false
[615/750] sphinx_13762_13926__bare_composer__s2 n=13 done=13 lost=0 blk=0 corrupt=0 failed=false
[616/750] sphinx_13762_13926__steward__s3 n=13 done=13 lost=0 blk=0 corrupt=0 failed=false
[617/750] sphinx_13762_13926__file_lock__s3 n=13 done=13 lost=0 blk=0 corrupt=0 failed=false
[618/750] sphinx_13762_13926__occ__s3 n=13 done=13 lost=0 blk=0 corrupt=0 failed=false
[619/750] sphinx_13762_13926__git_three_way__s3 n=13 done=13 lost=0 blk=0 corrupt=0 failed=false
[620/750] sphinx_13762_13926__bare_composer__s3 n=13 done=13 lost=0 blk=0 corrupt=0 failed=false
[621/750] sphinx_13762_13926__file_lock__s4 n=13 done=13 lost=0 blk=0 corrupt=0 failed=false
[622/750] sphinx_13762_13926__steward__s4 n=13 done=13 lost=0 blk=0 corrupt=0 failed=false
[623/750] sphinx_13762_13926__occ__s4 n=13 done=13 lost=0 blk=0 corrupt=0 failed=false
[624/750] sphinx_13762_13926__git_three_way__s4 n=13 done=13 lost=0 blk=0 corrupt=0 failed=false
[625/750] sphinx_13762_13926__bare_composer__s4 n=13 done=13 lost=0 blk=0 corrupt=0 failed=false
[626/750] fastapi_13259_13933__file_lock__s0 n=3 done=3 lost=0 blk=0 corrupt=0 failed=false
[627/750] fastapi_13259_13933__steward__s0 n=3 done=2 lost=0 blk=1 corrupt=0 failed=false
[628/750] fastapi_13259_13933__occ__s0 n=3 done=3 lost=0 blk=0 corrupt=0 failed=false
[629/750] fastapi_13259_13933__git_three_way__s0 n=3 done=3 lost=0 blk=0 corrupt=0 failed=false
[630/750] fastapi_13259_13933__bare_composer__s0 n=3 done=2 lost=0 blk=1 corrupt=0 failed=false
[631/750] fastapi_13259_13933__file_lock__s1 n=3 done=3 lost=0 blk=0 corrupt=0 failed=false
[632/750] fastapi_13259_13933__steward__s1 n=3 done=2 lost=0 blk=1 corrupt=0 failed=false
[633/750] fastapi_13259_13933__occ__s1 n=3 done=3 lost=0 blk=0 corrupt=0 failed=false
[634/750] fastapi_13259_13933__git_three_way__s1 n=3 done=3 lost=0 blk=0 corrupt=0 failed=false
[635/750] fastapi_13259_13933__bare_composer__s1 n=3 done=2 lost=0 blk=1 corrupt=0 failed=false
[636/750] fastapi_13259_13933__steward__s2 n=3 done=2 lost=0 blk=1 corrupt=0 failed=false
[637/750] fastapi_13259_13933__file_lock__s2 n=3 done=3 lost=0 blk=0 corrupt=0 failed=false
[638/750] fastapi_13259_13933__occ__s2 n=3 done=3 lost=0 blk=0 corrupt=0 failed=false
[639/750] fastapi_13259_13933__git_three_way__s2 n=3 done=3 lost=0 blk=0 corrupt=0 failed=false
[640/750] fastapi_13259_13933__bare_composer__s2 n=3 done=2 lost=0 blk=1 corrupt=0 failed=false
[641/750] fastapi_13259_13933__steward__s3 n=3 done=2 lost=0 blk=1 corrupt=0 failed=false
[642/750] fastapi_13259_13933__file_lock__s3 n=3 done=3 lost=0 blk=0 corrupt=0 failed=false
[643/750] fastapi_13259_13933__occ__s3 n=3 done=3 lost=0 blk=0 corrupt=0 failed=false
[644/750] fastapi_13259_13933__git_three_way__s3 n=3 done=3 lost=0 blk=0 corrupt=0 failed=false
[645/750] fastapi_13259_13933__bare_composer__s3 n=3 done=2 lost=0 blk=1 corrupt=0 failed=false
[646/750] fastapi_13259_13933__file_lock__s4 n=3 done=3 lost=0 blk=0 corrupt=0 failed=false
[647/750] fastapi_13259_13933__steward__s4 n=3 done=2 lost=0 blk=1 corrupt=0 failed=false
[648/750] fastapi_13259_13933__occ__s4 n=3 done=3 lost=0 blk=0 corrupt=0 failed=false
[649/750] fastapi_13259_13933__git_three_way__s4 n=3 done=3 lost=0 blk=0 corrupt=0 failed=false
[650/750] fastapi_13259_13933__bare_composer__s4 n=3 done=2 lost=0 blk=1 corrupt=0 failed=false
[651/750] fastapi_5823_12407__file_lock__s0 n=5 done=5 lost=0 blk=0 corrupt=0 failed=false
[652/750] fastapi_5823_12407__steward__s0 n=5 done=5 lost=0 blk=0 corrupt=0 failed=false
[653/750] fastapi_5823_12407__occ__s0 n=5 done=5 lost=0 blk=0 corrupt=0 failed=false
[654/750] fastapi_5823_12407__git_three_way__s0 n=5 done=5 lost=0 blk=0 corrupt=0 failed=false
[655/750] fastapi_5823_12407__bare_composer__s0 n=5 done=5 lost=0 blk=0 corrupt=0 failed=false
[656/750] fastapi_5823_12407__file_lock__s1 n=5 done=5 lost=0 blk=0 corrupt=0 failed=false
[657/750] fastapi_5823_12407__steward__s1 n=5 done=5 lost=0 blk=0 corrupt=0 failed=false
[658/750] fastapi_5823_12407__occ__s1 n=5 done=5 lost=0 blk=0 corrupt=0 failed=false
[659/750] fastapi_5823_12407__git_three_way__s1 n=5 done=5 lost=0 blk=0 corrupt=0 failed=false
[660/750] fastapi_5823_12407__bare_composer__s1 n=5 done=5 lost=0 blk=0 corrupt=0 failed=false
[661/750] fastapi_5823_12407__steward__s2 n=5 done=5 lost=0 blk=0 corrupt=0 failed=false
[662/750] fastapi_5823_12407__file_lock__s2 n=5 done=5 lost=0 blk=0 corrupt=0 failed=false
[663/750] fastapi_5823_12407__occ__s2 n=5 done=5 lost=0 blk=0 corrupt=0 failed=false
[664/750] fastapi_5823_12407__git_three_way__s2 n=5 done=5 lost=0 blk=0 corrupt=0 failed=false
[665/750] fastapi_5823_12407__bare_composer__s2 n=5 done=5 lost=0 blk=0 corrupt=0 failed=false
[666/750] fastapi_5823_12407__steward__s3 n=5 done=5 lost=0 blk=0 corrupt=0 failed=false
[667/750] fastapi_5823_12407__file_lock__s3 n=5 done=5 lost=0 blk=0 corrupt=0 failed=false
[668/750] fastapi_5823_12407__occ__s3 n=5 done=5 lost=0 blk=0 corrupt=0 failed=false
[669/750] fastapi_5823_12407__git_three_way__s3 n=5 done=5 lost=0 blk=0 corrupt=0 failed=false
[670/750] fastapi_5823_12407__bare_composer__s3 n=5 done=5 lost=0 blk=0 corrupt=0 failed=false
[671/750] fastapi_5823_12407__steward__s4 n=5 done=5 lost=0 blk=0 corrupt=0 failed=false
[672/750] fastapi_5823_12407__file_lock__s4 n=5 done=5 lost=0 blk=0 corrupt=0 failed=false
[673/750] fastapi_5823_12407__occ__s4 n=5 done=5 lost=0 blk=0 corrupt=0 failed=false
[674/750] fastapi_5823_12407__git_three_way__s4 n=5 done=5 lost=0 blk=0 corrupt=0 failed=false
[675/750] fastapi_5823_12407__bare_composer__s4 n=5 done=5 lost=0 blk=0 corrupt=0 failed=false
[676/750] fastapi_13314_13378__steward__s0 n=14 done=14 lost=0 blk=0 corrupt=0 failed=false
[677/750] fastapi_13314_13378__file_lock__s0 n=14 done=14 lost=0 blk=0 corrupt=0 failed=false
[678/750] fastapi_13314_13378__occ__s0 n=14 done=14 lost=0 blk=0 corrupt=0 failed=false
[679/750] fastapi_13314_13378__git_three_way__s0 n=14 done=14 lost=0 blk=0 corrupt=0 failed=false
[680/750] fastapi_13314_13378__bare_composer__s0 n=14 done=14 lost=0 blk=0 corrupt=0 failed=false
[681/750] fastapi_13314_13378__steward__s1 n=14 done=14 lost=0 blk=0 corrupt=0 failed=false
[682/750] fastapi_13314_13378__file_lock__s1 n=14 done=14 lost=0 blk=0 corrupt=0 failed=false
[683/750] fastapi_13314_13378__occ__s1 n=14 done=14 lost=0 blk=0 corrupt=0 failed=false
[684/750] fastapi_13314_13378__git_three_way__s1 n=14 done=14 lost=0 blk=0 corrupt=0 failed=false
[685/750] fastapi_13314_13378__bare_composer__s1 n=14 done=14 lost=0 blk=0 corrupt=0 failed=false
[686/750] fastapi_13314_13378__file_lock__s2 n=14 done=14 lost=0 blk=0 corrupt=0 failed=false
[687/750] fastapi_13314_13378__steward__s2 n=14 done=14 lost=0 blk=0 corrupt=0 failed=false
[688/750] fastapi_13314_13378__occ__s2 n=14 done=14 lost=0 blk=0 corrupt=0 failed=false
[689/750] fastapi_13314_13378__git_three_way__s2 n=14 done=14 lost=0 blk=0 corrupt=0 failed=false
[690/750] fastapi_13314_13378__bare_composer__s2 n=14 done=14 lost=0 blk=0 corrupt=0 failed=false
[691/750] fastapi_13314_13378__file_lock__s3 n=14 done=14 lost=0 blk=0 corrupt=0 failed=false
[692/750] fastapi_13314_13378__steward__s3 n=14 done=14 lost=0 blk=0 corrupt=0 failed=false
[693/750] fastapi_13314_13378__occ__s3 n=14 done=14 lost=0 blk=0 corrupt=0 failed=false
[694/750] fastapi_13314_13378__git_three_way__s3 n=14 done=14 lost=0 blk=0 corrupt=0 failed=false
[695/750] fastapi_13314_13378__bare_composer__s3 n=14 done=14 lost=0 blk=0 corrupt=0 failed=false
[696/750] fastapi_13314_13378__steward__s4 n=14 done=14 lost=0 blk=0 corrupt=0 failed=false
[697/750] fastapi_13314_13378__file_lock__s4 n=14 done=14 lost=0 blk=0 corrupt=0 failed=false
[698/750] fastapi_13314_13378__occ__s4 n=14 done=14 lost=0 blk=0 corrupt=0 failed=false
[699/750] fastapi_13314_13378__git_three_way__s4 n=14 done=14 lost=0 blk=0 corrupt=0 failed=false
[700/750] fastapi_13314_13378__bare_composer__s4 n=14 done=14 lost=0 blk=0 corrupt=0 failed=false
[701/750] fastapi_9700_11589__file_lock__s0 n=35 done=35 lost=0 blk=0 corrupt=0 failed=false
[702/750] fastapi_9700_11589__steward__s0 n=35 done=35 lost=0 blk=0 corrupt=0 failed=false
[703/750] fastapi_9700_11589__occ__s0 n=35 done=35 lost=0 blk=0 corrupt=0 failed=false
[704/750] fastapi_9700_11589__bare_composer__s0 n=35 done=35 lost=0 blk=0 corrupt=0 failed=false
[705/750] fastapi_9700_11589__git_three_way__s0 n=35 done=35 lost=0 blk=0 corrupt=0 failed=false
[706/750] fastapi_9700_11589__file_lock__s1 n=35 done=35 lost=0 blk=0 corrupt=0 failed=false
[707/750] fastapi_9700_11589__steward__s1 n=35 done=35 lost=0 blk=0 corrupt=0 failed=false
[708/750] fastapi_9700_11589__occ__s1 n=35 done=35 lost=0 blk=0 corrupt=0 failed=false
[709/750] fastapi_9700_11589__git_three_way__s1 n=35 done=35 lost=0 blk=0 corrupt=0 failed=false
[710/750] fastapi_9700_11589__bare_composer__s1 n=35 done=35 lost=0 blk=0 corrupt=0 failed=false
[711/750] fastapi_9700_11589__steward__s2 n=35 done=35 lost=0 blk=0 corrupt=0 failed=false
[712/750] fastapi_9700_11589__file_lock__s2 n=35 done=35 lost=0 blk=0 corrupt=0 failed=false
[713/750] fastapi_9700_11589__occ__s2 n=35 done=35 lost=0 blk=0 corrupt=0 failed=false
[714/750] fastapi_9700_11589__git_three_way__s2 n=35 done=35 lost=0 blk=0 corrupt=0 failed=false
[715/750] fastapi_9700_11589__bare_composer__s2 n=35 done=35 lost=0 blk=0 corrupt=0 failed=false
[716/750] fastapi_9700_11589__file_lock__s3 n=35 done=35 lost=0 blk=0 corrupt=0 failed=false
[717/750] fastapi_9700_11589__steward__s3 n=35 done=35 lost=0 blk=0 corrupt=0 failed=false
[718/750] fastapi_9700_11589__occ__s3 n=35 done=35 lost=0 blk=0 corrupt=0 failed=false
[719/750] fastapi_9700_11589__git_three_way__s3 n=35 done=35 lost=0 blk=0 corrupt=0 failed=false
[720/750] fastapi_9700_11589__bare_composer__s3 n=35 done=35 lost=0 blk=0 corrupt=0 failed=false
[721/750] fastapi_9700_11589__file_lock__s4 n=35 done=35 lost=0 blk=0 corrupt=0 failed=false
[722/750] fastapi_9700_11589__steward__s4 n=35 done=35 lost=0 blk=0 corrupt=0 failed=false
[723/750] fastapi_9700_11589__occ__s4 n=35 done=35 lost=0 blk=0 corrupt=0 failed=false
[724/750] fastapi_9700_11589__git_three_way__s4 n=35 done=35 lost=0 blk=0 corrupt=0 failed=false
[725/750] fastapi_9700_11589__bare_composer__s4 n=35 done=35 lost=0 blk=0 corrupt=0 failed=false
[726/750] fastapi_11460_11925__steward__s0 n=3 done=2 lost=0 blk=1 corrupt=0 failed=false
[727/750] fastapi_11460_11925__file_lock__s0 n=3 done=3 lost=0 blk=0 corrupt=0 failed=false
[728/750] fastapi_11460_11925__occ__s0 n=3 done=3 lost=0 blk=0 corrupt=0 failed=false
[729/750] fastapi_11460_11925__git_three_way__s0 n=3 done=3 lost=0 blk=0 corrupt=0 failed=false
[730/750] fastapi_11460_11925__bare_composer__s0 n=3 done=2 lost=0 blk=1 corrupt=0 failed=false
[731/750] fastapi_11460_11925__file_lock__s1 n=3 done=3 lost=0 blk=0 corrupt=0 failed=false
[732/750] fastapi_11460_11925__steward__s1 n=3 done=2 lost=0 blk=1 corrupt=0 failed=false
[733/750] fastapi_11460_11925__occ__s1 n=3 done=3 lost=0 blk=0 corrupt=0 failed=false
[734/750] fastapi_11460_11925__git_three_way__s1 n=3 done=3 lost=0 blk=0 corrupt=0 failed=false
[735/750] fastapi_11460_11925__bare_composer__s1 n=3 done=2 lost=0 blk=1 corrupt=0 failed=false
[736/750] fastapi_11460_11925__file_lock__s2 n=3 done=3 lost=0 blk=0 corrupt=0 failed=false
[737/750] fastapi_11460_11925__steward__s2 n=3 done=2 lost=0 blk=1 corrupt=0 failed=false
[738/750] fastapi_11460_11925__occ__s2 n=3 done=3 lost=0 blk=0 corrupt=0 failed=false
[739/750] fastapi_11460_11925__git_three_way__s2 n=3 done=3 lost=0 blk=0 corrupt=0 failed=false
[740/750] fastapi_11460_11925__bare_composer__s2 n=3 done=2 lost=0 blk=1 corrupt=0 failed=false
[741/750] fastapi_11460_11925__steward__s3 n=3 done=2 lost=0 blk=1 corrupt=0 failed=false
[742/750] fastapi_11460_11925__file_lock__s3 n=3 done=3 lost=0 blk=0 corrupt=0 failed=false
[743/750] fastapi_11460_11925__occ__s3 n=3 done=3 lost=0 blk=0 corrupt=0 failed=false
[744/750] fastapi_11460_11925__git_three_way__s3 n=3 done=3 lost=0 blk=0 corrupt=0 failed=false
[745/750] fastapi_11460_11925__bare_composer__s3 n=3 done=2 lost=0 blk=1 corrupt=0 failed=false
[746/750] fastapi_11460_11925__steward__s4 n=3 done=2 lost=0 blk=1 corrupt=0 failed=false
[747/750] fastapi_11460_11925__file_lock__s4 n=3 done=3 lost=0 blk=0 corrupt=0 failed=false
[748/750] fastapi_11460_11925__occ__s4 n=3 done=3 lost=0 blk=0 corrupt=0 failed=false
[749/750] fastapi_11460_11925__git_three_way__s4 n=3 done=3 lost=0 blk=0 corrupt=0 failed=false
[750/750] fastapi_11460_11925__bare_composer__s4 n=3 done=2 lost=0 blk=1 corrupt=0 failed=false
