{
"old": {
"runs": 75,
"failed_runs": 6,
"lost_effects": 6,
"corrupted_files": 0,
"correct": 1515,
"blocked_intents": 1089,
"identity_ok": true,
"re_compose_events": 0,
"re_compose_success": 0
},
"fix": {
"runs": 75,
"failed_runs": 0,
"lost_effects": 0,
"corrupted_files": 0,
"correct": 1534,
"blocked_intents": 1076,
"identity_ok": true,
"re_compose_events": 19,
"re_compose_success": 2
},
"opt": {
"runs": 75,
"failed_runs": 0,
"lost_effects": 0,
"corrupted_files": 0,
"correct": 1727,
"blocked_intents": 883,
"identity_ok": true,
"re_compose_events": 103,
"re_compose_success": 29
},
"q": {
"runs": 75,
"failed_runs": 0,
"lost_effects": 0,
"corrupted_files": 0,
"correct": 1716,
"blocked_intents": 894,
"identity_ok": true,
"re_compose_events": 0,
"re_compose_success": 0
},
"nq": {
"runs": 75,
"failed_runs": 0,
"lost_effects": 0,
"corrupted_files": 0,
"correct": 1705,
"blocked_intents": 905,
"identity_ok": true,
"re_compose_events": 105,
"re_compose_success": 35
},
"qr0": {
"runs": 75,
"failed_runs": 0,
"lost_effects": 0,
"corrupted_files": 0,
"correct": 1719,
"blocked_intents": 891,
"identity_ok": true,
"re_compose_events": 0,
"re_compose_success": 0
},
"qr1": {
"runs": 75,
"failed_runs": 0,
"lost_effects": 0,
"corrupted_files": 0,
"correct": 1746,
"blocked_intents": 864,
"identity_ok": true,
"re_compose_events": 0,
"re_compose_success": 0
}
}
pin_mismatch [] env_mismatch ['r5r-e2-cold-git_three_way-s11-r1-q', 'r5r-e2-cold-git_three_way-s11-r2-q', 'r5r-e2-cold-git_three_way-s17-r1-q', 'r5r-e2-cold-git_three_way-s17-r2-q', 'r5r-e2-cold-git_three_way-s23-r1-q', 'r5r-e2-cold-git_three_way-s23-r2-q', 'r5r-e2-hot_conflict-git_three_way-s11-r1-q', 'r5r-e2-hot_conflict-git_three_way-s11-r2-q', 'r5r-e2-hot_conflict-git_three_way-s17-r1-q', 'r5r-e2-hot_conflict-git_three_way-s17-r2-q', 'r5r-e2-hot_conflict-git_three_way-s23-r1-q', 'r5r-e2-hot_conflict-git_three_way-s23-r2-q', 'r5r-e2-hot_disjoint-git_three_way-s11-r1-q', 'r5r-e2-hot_disjoint-git_three_way-s11-r2-q', 'r5r-e2-hot_disjoint-git_three_way-s17-r1-q', 'r5r-e2-hot_disjoint-git_three_way-s17-r2-q', 'r5r-e2-hot_disjoint-git_three_way-s23-r1-q', 'r5r-e2-hot_disjoint-git_three_way-s23-r2-q'] unscored 0
