[1/300] django_17554_19884__occ__s0 n=55 done=55 lost=0 blk=0 corrupt=0 failed=false
[2/300] django_17554_19884__steward__s0 n=55 done=54 lost=0 blk=1 corrupt=0 failed=false
[3/300] django_17554_19884__file_lock__s0 n=55 done=55 lost=0 blk=0 corrupt=0 failed=false
[4/300] django_17554_19884__git_three_way__s0 n=55 done=55 lost=0 blk=0 corrupt=0 failed=false
[5/300] django_17554_19884__bare_composer__s0 n=55 done=54 lost=0 blk=1 corrupt=0 failed=false
[6/300] django_17554_19884__steward__s1 n=55 done=54 lost=0 blk=1 corrupt=0 failed=false
[7/300] django_17554_19884__file_lock__s1 n=55 done=55 lost=0 blk=0 corrupt=0 failed=false
[8/300] django_17554_19884__occ__s1 n=55 done=55 lost=0 blk=0 corrupt=0 failed=false
[9/300] django_17554_19884__git_three_way__s1 n=55 done=55 lost=0 blk=0 corrupt=0 failed=false
[10/300] django_17554_19884__bare_composer__s1 n=55 done=54 lost=0 blk=1 corrupt=0 failed=false
[11/300] django_17723_18450__steward__s0 n=28 done=28 lost=0 blk=0 corrupt=0 failed=false
[12/300] django_17723_18450__file_lock__s0 n=28 done=28 lost=0 blk=0 corrupt=0 failed=false
[13/300] django_17723_18450__occ__s0 n=28 done=28 lost=0 blk=0 corrupt=0 failed=false
[14/300] django_17723_18450__git_three_way__s0 n=28 done=28 lost=0 blk=0 corrupt=0 failed=false
[15/300] django_17723_18450__bare_composer__s0 n=28 done=28 lost=0 blk=0 corrupt=0 failed=false
[16/300] django_17723_18450__file_lock__s1 n=28 done=28 lost=0 blk=0 corrupt=0 failed=false
[17/300] django_17723_18450__steward__s1 n=28 done=28 lost=0 blk=0 corrupt=0 failed=false
[18/300] django_17723_18450__occ__s1 n=28 done=28 lost=0 blk=0 corrupt=0 failed=false
[19/300] django_17723_18450__git_three_way__s1 n=28 done=26 lost=0 blk=2 corrupt=0 failed=false
[20/300] django_17723_18450__bare_composer__s1 n=28 done=27 lost=0 blk=1 corrupt=0 failed=false
[21/300] django_17890_18412__steward__s0 n=9 done=9 lost=0 blk=0 corrupt=0 failed=false
[22/300] django_17890_18412__file_lock__s0 n=9 done=9 lost=0 blk=0 corrupt=0 failed=false
[23/300] django_17890_18412__occ__s0 n=9 done=9 lost=0 blk=0 corrupt=0 failed=false
[24/300] django_17890_18412__git_three_way__s0 n=9 done=9 lost=0 blk=0 corrupt=0 failed=false
[25/300] django_17890_18412__bare_composer__s0 n=9 done=4 lost=0 blk=5 corrupt=0 failed=false
[26/300] django_17890_18412__steward__s1 n=9 done=9 lost=0 blk=0 corrupt=0 failed=false
[27/300] django_17890_18412__file_lock__s1 n=9 done=9 lost=0 blk=0 corrupt=0 failed=false
[28/300] django_17890_18412__occ__s1 n=9 done=9 lost=0 blk=0 corrupt=0 failed=false
[29/300] django_17890_18412__git_three_way__s1 n=9 done=9 lost=0 blk=0 corrupt=0 failed=false
[30/300] django_17890_18412__bare_composer__s1 n=9 done=8 lost=0 blk=1 corrupt=0 failed=false
[31/300] django_18237_18245__file_lock__s0 n=6 done=6 lost=0 blk=0 corrupt=0 failed=false
[32/300] django_18237_18245__occ__s0 n=6 done=6 lost=0 blk=0 corrupt=0 failed=false
[33/300] django_18237_18245__steward__s0 n=6 done=6 lost=0 blk=0 corrupt=0 failed=false
[34/300] django_18237_18245__git_three_way__s0 n=6 done=6 lost=0 blk=0 corrupt=0 failed=false
[35/300] django_18237_18245__bare_composer__s0 n=6 done=2 lost=0 blk=4 corrupt=0 failed=false
[36/300] django_18237_18245__file_lock__s1 n=6 done=6 lost=0 blk=0 corrupt=0 failed=false
[37/300] django_18237_18245__steward__s1 n=6 done=6 lost=0 blk=0 corrupt=0 failed=false
[38/300] django_18237_18245__occ__s1 n=6 done=6 lost=0 blk=0 corrupt=0 failed=false
[39/300] django_18237_18245__git_three_way__s1 n=6 done=6 lost=0 blk=0 corrupt=0 failed=false
[40/300] django_18237_18245__bare_composer__s1 n=6 done=4 lost=0 blk=2 corrupt=0 failed=false
[41/300] django_18309_18319__steward__s0 n=4 done=4 lost=0 blk=0 corrupt=0 failed=false
[42/300] django_18309_18319__file_lock__s0 n=4 done=4 lost=0 blk=0 corrupt=0 failed=false
[43/300] django_18309_18319__occ__s0 n=4 done=4 lost=0 blk=0 corrupt=0 failed=false
[44/300] django_18309_18319__git_three_way__s0 n=4 done=1 lost=0 blk=3 corrupt=0 failed=false
[45/300] django_18309_18319__bare_composer__s0 n=4 done=4 lost=0 blk=0 corrupt=0 failed=false
[46/300] django_18309_18319__steward__s1 n=4 done=3 lost=0 blk=1 corrupt=0 failed=false
[47/300] django_18309_18319__file_lock__s1 n=4 done=4 lost=0 blk=0 corrupt=0 failed=false
[48/300] django_18309_18319__occ__s1 n=4 done=4 lost=0 blk=0 corrupt=0 failed=false
[49/300] django_18309_18319__git_three_way__s1 n=4 done=4 lost=0 blk=0 corrupt=0 failed=false
[50/300] django_18309_18319__bare_composer__s1 n=4 done=4 lost=0 blk=0 corrupt=0 failed=false
[51/300] django_18314_18384__steward__s0 n=9 done=5 lost=0 blk=4 corrupt=0 failed=false
[52/300] django_18314_18384__file_lock__s0 n=9 done=9 lost=0 blk=0 corrupt=0 failed=false
[53/300] django_18314_18384__occ__s0 n=9 done=9 lost=0 blk=0 corrupt=0 failed=false
[54/300] django_18314_18384__git_three_way__s0 n=9 done=4 lost=0 blk=5 corrupt=0 failed=false
[55/300] django_18314_18384__bare_composer__s0 n=9 done=5 lost=0 blk=4 corrupt=0 failed=false
[56/300] django_18314_18384__steward__s1 n=9 done=9 lost=0 blk=0 corrupt=0 failed=false
[57/300] django_18314_18384__file_lock__s1 n=9 done=9 lost=0 blk=0 corrupt=0 failed=false
[58/300] django_18314_18384__occ__s1 n=9 done=9 lost=0 blk=0 corrupt=0 failed=false
[59/300] django_18314_18384__git_three_way__s1 n=9 done=5 lost=4 blk=0 corrupt=0 failed=true
[60/300] django_18314_18384__bare_composer__s1 n=9 done=4 lost=0 blk=5 corrupt=0 failed=false
[61/300] django_18356_18450__steward__s0 n=34 done=34 lost=0 blk=0 corrupt=0 failed=false
[62/300] django_18356_18450__file_lock__s0 n=34 done=34 lost=0 blk=0 corrupt=0 failed=false
[63/300] django_18356_18450__occ__s0 n=34 done=34 lost=0 blk=0 corrupt=0 failed=false
[64/300] django_18356_18450__git_three_way__s0 n=34 done=34 lost=0 blk=0 corrupt=0 failed=false
[65/300] django_18356_18450__bare_composer__s0 n=34 done=34 lost=0 blk=0 corrupt=0 failed=false
[66/300] django_18356_18450__steward__s1 n=34 done=34 lost=0 blk=0 corrupt=0 failed=false
[67/300] django_18356_18450__file_lock__s1 n=34 done=34 lost=0 blk=0 corrupt=0 failed=false
[68/300] django_18356_18450__occ__s1 n=34 done=34 lost=0 blk=0 corrupt=0 failed=false
[69/300] django_18356_18450__git_three_way__s1 n=34 done=34 lost=0 blk=0 corrupt=0 failed=false
[70/300] django_18361_19153__file_lock__s0 n=60 done=60 lost=0 blk=0 corrupt=0 failed=false
[71/300] django_18356_18450__bare_composer__s1 n=34 done=34 lost=0 blk=0 corrupt=0 failed=false
[72/300] django_18361_19153__steward__s0 n=60 done=60 lost=0 blk=0 corrupt=0 failed=false
[73/300] django_18361_19153__occ__s0 n=60 done=60 lost=0 blk=0 corrupt=0 failed=false
[74/300] django_18361_19153__git_three_way__s0 n=60 done=60 lost=0 blk=0 corrupt=0 failed=false
[75/300] django_18361_19153__bare_composer__s0 n=60 done=60 lost=0 blk=0 corrupt=0 failed=false
[76/300] django_18361_19153__file_lock__s1 n=60 done=60 lost=0 blk=0 corrupt=0 failed=false
[77/300] django_18361_19153__steward__s1 n=60 done=60 lost=0 blk=0 corrupt=0 failed=false
[78/300] django_18361_19153__occ__s1 n=60 done=60 lost=0 blk=0 corrupt=0 failed=false
[79/300] django_18361_19153__git_three_way__s1 n=60 done=60 lost=0 blk=0 corrupt=0 failed=false
[80/300] django_18361_19153__bare_composer__s1 n=60 done=59 lost=0 blk=1 corrupt=0 failed=false
[81/300] django_18560_19220__steward__s0 n=8 done=8 lost=0 blk=0 corrupt=0 failed=false
[82/300] django_18560_19220__file_lock__s0 n=8 done=8 lost=0 blk=0 corrupt=0 failed=false
[83/300] django_18560_19220__occ__s0 n=8 done=8 lost=0 blk=0 corrupt=0 failed=false
[84/300] django_18560_19220__git_three_way__s0 n=8 done=8 lost=0 blk=0 corrupt=0 failed=false
[85/300] django_18560_19220__bare_composer__s0 n=8 done=3 lost=0 blk=5 corrupt=0 failed=false
[86/300] django_18560_19220__file_lock__s1 n=8 done=8 lost=0 blk=0 corrupt=0 failed=false
[87/300] django_18560_19220__steward__s1 n=8 done=8 lost=0 blk=0 corrupt=0 failed=false
[88/300] django_18560_19220__occ__s1 n=8 done=8 lost=0 blk=0 corrupt=0 failed=false
[89/300] django_18560_19220__git_three_way__s1 n=8 done=8 lost=0 blk=0 corrupt=0 failed=false
[90/300] django_18560_19220__bare_composer__s1 n=8 done=3 lost=0 blk=5 corrupt=0 failed=false
[91/300] django_18560_19264__file_lock__s0 n=4 done=4 lost=0 blk=0 corrupt=0 failed=false
[92/300] django_18560_19264__steward__s0 n=4 done=3 lost=0 blk=1 corrupt=0 failed=false
[93/300] django_18560_19264__occ__s0 n=4 done=4 lost=0 blk=0 corrupt=0 failed=false
[94/300] django_18560_19264__git_three_way__s0 n=4 done=1 lost=0 blk=3 corrupt=0 failed=false
[95/300] django_18560_19264__bare_composer__s0 n=4 done=3 lost=0 blk=1 corrupt=0 failed=false
[96/300] django_18560_19264__file_lock__s1 n=4 done=4 lost=0 blk=0 corrupt=0 failed=false
[97/300] django_18560_19264__occ__s1 n=4 done=4 lost=0 blk=0 corrupt=0 failed=false
[98/300] django_18560_19264__steward__s1 n=4 done=3 lost=0 blk=1 corrupt=0 failed=false
[99/300] django_18560_19264__git_three_way__s1 n=4 done=4 lost=0 blk=0 corrupt=0 failed=false
[100/300] django_18560_19264__bare_composer__s1 n=4 done=3 lost=0 blk=1 corrupt=0 failed=false
[101/300] django_18572_18605__steward__s0 n=26 done=26 lost=0 blk=0 corrupt=0 failed=false
[102/300] django_18572_18605__file_lock__s0 n=26 done=26 lost=0 blk=0 corrupt=0 failed=false
[103/300] django_18572_18605__occ__s0 n=26 done=26 lost=0 blk=0 corrupt=0 failed=false
[104/300] django_18572_18605__git_three_way__s0 n=26 done=26 lost=0 blk=0 corrupt=0 failed=false
[105/300] django_18572_18605__bare_composer__s0 n=26 done=24 lost=0 blk=2 corrupt=0 failed=false
[106/300] django_18572_18605__file_lock__s1 n=26 done=26 lost=0 blk=0 corrupt=0 failed=false
[107/300] django_18572_18605__steward__s1 n=26 done=26 lost=0 blk=0 corrupt=0 failed=false
[108/300] django_18572_18605__occ__s1 n=26 done=26 lost=0 blk=0 corrupt=0 failed=false
[109/300] django_18572_18605__git_three_way__s1 n=26 done=26 lost=0 blk=0 corrupt=0 failed=false
[110/300] django_18572_18605__bare_composer__s1 n=26 done=2 lost=0 blk=24 corrupt=0 failed=false
[111/300] django_18645_19021__steward__s0 n=26 done=26 lost=0 blk=0 corrupt=0 failed=false
[112/300] django_18645_19021__file_lock__s0 n=26 done=26 lost=0 blk=0 corrupt=0 failed=false
[113/300] django_18645_19021__occ__s0 n=26 done=26 lost=0 blk=0 corrupt=0 failed=false
[114/300] django_18645_19021__git_three_way__s0 n=26 done=26 lost=0 blk=0 corrupt=0 failed=false
[115/300] django_18645_19021__bare_composer__s0 n=26 done=26 lost=0 blk=0 corrupt=0 failed=false
[116/300] django_18645_19021__steward__s1 n=26 done=26 lost=0 blk=0 corrupt=0 failed=false
[117/300] django_18645_19021__file_lock__s1 n=26 done=26 lost=0 blk=0 corrupt=0 failed=false
[118/300] django_18645_19021__occ__s1 n=26 done=26 lost=0 blk=0 corrupt=0 failed=false
[119/300] django_18645_19021__git_three_way__s1 n=26 done=26 lost=0 blk=0 corrupt=0 failed=false
[120/300] django_18847_18895__file_lock__s0 n=15 done=15 lost=0 blk=0 corrupt=0 failed=false
[121/300] django_18645_19021__bare_composer__s1 n=26 done=26 lost=0 blk=0 corrupt=0 failed=false
[122/300] django_18847_18895__steward__s0 n=15 done=14 lost=0 blk=1 corrupt=0 failed=false
[123/300] django_18847_18895__occ__s0 n=15 done=15 lost=0 blk=0 corrupt=0 failed=false
[124/300] django_18847_18895__git_three_way__s0 n=15 done=15 lost=0 blk=0 corrupt=0 failed=false
[125/300] django_18847_18895__bare_composer__s0 n=15 done=14 lost=0 blk=1 corrupt=0 failed=false
[126/300] django_18847_18895__file_lock__s1 n=15 done=15 lost=0 blk=0 corrupt=0 failed=false
[127/300] django_18847_18895__steward__s1 n=15 done=14 lost=0 blk=1 corrupt=0 failed=false
[128/300] django_18847_18895__occ__s1 n=15 done=15 lost=0 blk=0 corrupt=0 failed=false
[129/300] django_18847_18895__git_three_way__s1 n=15 done=15 lost=0 blk=0 corrupt=0 failed=false
[130/300] django_18847_18895__bare_composer__s1 n=15 done=14 lost=0 blk=1 corrupt=0 failed=false
[131/300] django_18958_19078__steward__s0 n=2 done=2 lost=0 blk=0 corrupt=0 failed=false
[132/300] django_18958_19078__file_lock__s0 n=2 done=2 lost=0 blk=0 corrupt=0 failed=false
[133/300] django_18958_19078__occ__s0 n=2 done=2 lost=0 blk=0 corrupt=0 failed=false
[134/300] django_18958_19078__git_three_way__s0 n=2 done=2 lost=0 blk=0 corrupt=0 failed=false
[135/300] django_18958_19078__bare_composer__s0 n=2 done=1 lost=0 blk=1 corrupt=0 failed=false
[136/300] django_18958_19078__steward__s1 n=2 done=2 lost=0 blk=0 corrupt=0 failed=false
[137/300] django_18958_19078__file_lock__s1 n=2 done=2 lost=0 blk=0 corrupt=0 failed=false
[138/300] django_18958_19078__occ__s1 n=2 done=2 lost=0 blk=0 corrupt=0 failed=false
[139/300] django_18958_19078__git_three_way__s1 n=2 done=2 lost=0 blk=0 corrupt=0 failed=false
[140/300] django_18958_19078__bare_composer__s1 n=2 done=1 lost=0 blk=1 corrupt=0 failed=false
[141/300] django_19008_19018__file_lock__s0 n=8 done=8 lost=0 blk=0 corrupt=0 failed=false
[142/300] django_19008_19018__steward__s0 n=8 done=8 lost=0 blk=0 corrupt=0 failed=false
[143/300] django_19008_19018__occ__s0 n=8 done=8 lost=0 blk=0 corrupt=0 failed=false
[144/300] django_19008_19018__git_three_way__s0 n=8 done=8 lost=0 blk=0 corrupt=0 failed=false
[145/300] django_19008_19018__bare_composer__s0 n=8 done=8 lost=0 blk=0 corrupt=0 failed=false
[146/300] django_19008_19018__steward__s1 n=8 done=8 lost=0 blk=0 corrupt=0 failed=false
[147/300] django_19008_19018__file_lock__s1 n=8 done=8 lost=0 blk=0 corrupt=0 failed=false
[148/300] django_19008_19018__occ__s1 n=8 done=8 lost=0 blk=0 corrupt=0 failed=false
[149/300] django_19008_19018__git_three_way__s1 n=8 done=8 lost=0 blk=0 corrupt=0 failed=false
[150/300] django_19017_19018__file_lock__s0 n=9 done=9 lost=0 blk=0 corrupt=0 failed=false
[151/300] django_19008_19018__bare_composer__s1 n=8 done=8 lost=0 blk=0 corrupt=0 failed=false
[152/300] django_19017_19018__steward__s0 n=9 done=9 lost=0 blk=0 corrupt=0 failed=false
[153/300] django_19017_19018__occ__s0 n=9 done=9 lost=0 blk=0 corrupt=0 failed=false
[154/300] django_19017_19018__git_three_way__s0 n=9 done=9 lost=0 blk=0 corrupt=0 failed=false
[155/300] django_19017_19018__bare_composer__s0 n=9 done=7 lost=0 blk=2 corrupt=0 failed=false
[156/300] django_19017_19018__file_lock__s1 n=9 done=9 lost=0 blk=0 corrupt=0 failed=false
[157/300] django_19017_19018__steward__s1 n=9 done=9 lost=0 blk=0 corrupt=0 failed=false
[158/300] django_19017_19018__occ__s1 n=9 done=9 lost=0 blk=0 corrupt=0 failed=false
[159/300] django_19017_19018__git_three_way__s1 n=9 done=9 lost=0 blk=0 corrupt=0 failed=false
[160/300] django_19017_19018__bare_composer__s1 n=9 done=6 lost=0 blk=3 corrupt=0 failed=false
[161/300] django_19030_19431__steward__s0 n=22 done=22 lost=0 blk=0 corrupt=0 failed=false
[162/300] django_19030_19431__file_lock__s0 n=22 done=22 lost=0 blk=0 corrupt=0 failed=false
[163/300] django_19030_19431__occ__s0 n=22 done=22 lost=0 blk=0 corrupt=0 failed=false
[164/300] django_19030_19431__git_three_way__s0 n=22 done=22 lost=0 blk=0 corrupt=0 failed=false
[165/300] django_19030_19431__bare_composer__s0 n=22 done=22 lost=0 blk=0 corrupt=0 failed=false
[166/300] django_19030_19431__steward__s1 n=22 done=22 lost=0 blk=0 corrupt=0 failed=false
[167/300] django_19030_19431__file_lock__s1 n=22 done=22 lost=0 blk=0 corrupt=0 failed=false
[168/300] django_19030_19431__occ__s1 n=22 done=22 lost=0 blk=0 corrupt=0 failed=false
[169/300] django_19030_19431__git_three_way__s1 n=22 done=22 lost=0 blk=0 corrupt=0 failed=false
[170/300] django_19030_19431__bare_composer__s1 n=22 done=22 lost=0 blk=0 corrupt=0 failed=false
[171/300] django_19057_19480__file_lock__s0 n=37 done=37 lost=0 blk=0 corrupt=0 failed=false
[172/300] django_19057_19480__steward__s0 n=37 done=37 lost=0 blk=0 corrupt=0 failed=false
[173/300] django_19057_19480__occ__s0 n=37 done=37 lost=0 blk=0 corrupt=0 failed=false
[174/300] django_19057_19480__git_three_way__s0 n=37 done=37 lost=0 blk=0 corrupt=0 failed=false
[175/300] django_19057_19480__bare_composer__s0 n=37 done=37 lost=0 blk=0 corrupt=0 failed=false
[176/300] django_19057_19480__steward__s1 n=37 done=37 lost=0 blk=0 corrupt=0 failed=false
[177/300] django_19057_19480__file_lock__s1 n=37 done=37 lost=0 blk=0 corrupt=0 failed=false
[178/300] django_19057_19480__occ__s1 n=37 done=37 lost=0 blk=0 corrupt=0 failed=false
[179/300] django_19057_19480__git_three_way__s1 n=37 done=37 lost=0 blk=0 corrupt=0 failed=false
[180/300] django_19366_19570__steward__s0 n=9 done=2 lost=0 blk=7 corrupt=0 failed=false
[181/300] django_19057_19480__bare_composer__s1 n=37 done=37 lost=0 blk=0 corrupt=0 failed=false
[182/300] django_19366_19570__file_lock__s0 n=9 done=9 lost=0 blk=0 corrupt=0 failed=false
[183/300] django_19366_19570__occ__s0 n=9 done=9 lost=0 blk=0 corrupt=0 failed=false
[184/300] django_19366_19570__git_three_way__s0 n=9 done=9 lost=0 blk=0 corrupt=0 failed=false
[185/300] django_19366_19570__bare_composer__s0 n=9 done=9 lost=0 blk=0 corrupt=0 failed=false
[186/300] django_19366_19570__file_lock__s1 n=9 done=9 lost=0 blk=0 corrupt=0 failed=false
[187/300] django_19366_19570__steward__s1 n=9 done=9 lost=0 blk=0 corrupt=0 failed=false
[188/300] django_19366_19570__occ__s1 n=9 done=9 lost=0 blk=0 corrupt=0 failed=false
[189/300] django_19366_19570__git_three_way__s1 n=9 done=9 lost=0 blk=0 corrupt=0 failed=false
[190/300] django_19366_19570__bare_composer__s1 n=9 done=9 lost=0 blk=0 corrupt=0 failed=false
[191/300] django_19401_19445__steward__s0 n=5 done=5 lost=0 blk=0 corrupt=0 failed=false
[192/300] django_19401_19445__file_lock__s0 n=5 done=5 lost=0 blk=0 corrupt=0 failed=false
[193/300] django_19401_19445__occ__s0 n=5 done=5 lost=0 blk=0 corrupt=0 failed=false
[194/300] django_19401_19445__git_three_way__s0 n=5 done=5 lost=0 blk=0 corrupt=0 failed=false
[195/300] django_19401_19445__bare_composer__s0 n=5 done=5 lost=0 blk=0 corrupt=0 failed=false
[196/300] django_19401_19445__steward__s1 n=5 done=5 lost=0 blk=0 corrupt=0 failed=false
[197/300] django_19401_19445__file_lock__s1 n=5 done=5 lost=0 blk=0 corrupt=0 failed=false
[198/300] django_19401_19445__occ__s1 n=5 done=5 lost=0 blk=0 corrupt=0 failed=false
[199/300] django_19401_19445__git_three_way__s1 n=5 done=5 lost=0 blk=0 corrupt=0 failed=false
[200/300] django_19401_19445__bare_composer__s1 n=5 done=5 lost=0 blk=0 corrupt=0 failed=false
[201/300] django_19474_19570__steward__s0 n=3 done=2 lost=0 blk=1 corrupt=0 failed=false
[202/300] django_19474_19570__file_lock__s0 n=3 done=3 lost=0 blk=0 corrupt=0 failed=false
[203/300] django_19474_19570__occ__s0 n=3 done=3 lost=0 blk=0 corrupt=0 failed=false
[204/300] django_19474_19570__git_three_way__s0 n=3 done=3 lost=0 blk=0 corrupt=0 failed=false
[205/300] django_19474_19570__bare_composer__s0 n=3 done=2 lost=0 blk=1 corrupt=0 failed=false
[206/300] django_19474_19570__file_lock__s1 n=3 done=3 lost=0 blk=0 corrupt=0 failed=false
[207/300] django_19474_19570__occ__s1 n=3 done=3 lost=0 blk=0 corrupt=0 failed=false
[208/300] django_19474_19570__steward__s1 n=3 done=3 lost=0 blk=0 corrupt=0 failed=false
[209/300] django_19474_19570__git_three_way__s1 n=3 done=3 lost=0 blk=0 corrupt=0 failed=false
[210/300] django_19474_19570__bare_composer__s1 n=3 done=3 lost=0 blk=0 corrupt=0 failed=false
[211/300] django_19495_19503__steward__s0 n=3 done=3 lost=0 blk=0 corrupt=0 failed=false
[212/300] django_19495_19503__file_lock__s0 n=3 done=3 lost=0 blk=0 corrupt=0 failed=false
[213/300] django_19495_19503__occ__s0 n=3 done=3 lost=0 blk=0 corrupt=0 failed=false
[214/300] django_19495_19503__git_three_way__s0 n=3 done=3 lost=0 blk=0 corrupt=0 failed=false
[215/300] django_19495_19503__bare_composer__s0 n=3 done=2 lost=0 blk=1 corrupt=0 failed=false
[216/300] django_19495_19503__steward__s1 n=3 done=1 lost=0 blk=2 corrupt=0 failed=false
[217/300] django_19495_19503__file_lock__s1 n=3 done=3 lost=0 blk=0 corrupt=0 failed=false
[218/300] django_19495_19503__occ__s1 n=3 done=3 lost=0 blk=0 corrupt=0 failed=false
[219/300] django_19495_19503__git_three_way__s1 n=3 done=3 lost=0 blk=0 corrupt=0 failed=false
[220/300] django_19495_19503__bare_composer__s1 n=3 done=3 lost=0 blk=0 corrupt=0 failed=false
[221/300] django_19602_19844__file_lock__s0 n=10 done=10 lost=0 blk=0 corrupt=0 failed=false
[222/300] django_19602_19844__steward__s0 n=10 done=7 lost=0 blk=3 corrupt=0 failed=false
[223/300] django_19602_19844__occ__s0 n=10 done=10 lost=0 blk=0 corrupt=0 failed=false
[224/300] django_19602_19844__git_three_way__s0 n=10 done=10 lost=0 blk=0 corrupt=0 failed=false
[225/300] django_19602_19844__bare_composer__s0 n=10 done=10 lost=0 blk=0 corrupt=0 failed=false
[226/300] django_19602_19844__steward__s1 n=10 done=10 lost=0 blk=0 corrupt=0 failed=false
[227/300] django_19602_19844__file_lock__s1 n=10 done=10 lost=0 blk=0 corrupt=0 failed=false
[228/300] django_19602_19844__occ__s1 n=10 done=10 lost=0 blk=0 corrupt=0 failed=false
[229/300] django_19602_19844__git_three_way__s1 n=10 done=10 lost=0 blk=0 corrupt=0 failed=false
[230/300] django_19685_19844__steward__s0 n=3 done=1 lost=0 blk=2 corrupt=0 failed=false
[231/300] django_19685_19844__file_lock__s0 n=3 done=3 lost=0 blk=0 corrupt=0 failed=false
[232/300] django_19602_19844__bare_composer__s1 n=10 done=10 lost=0 blk=0 corrupt=0 failed=false
[233/300] django_19685_19844__occ__s0 n=3 done=3 lost=0 blk=0 corrupt=0 failed=false
[234/300] django_19685_19844__git_three_way__s0 n=3 done=3 lost=0 blk=0 corrupt=0 failed=false
[235/300] django_19685_19844__bare_composer__s0 n=3 done=1 lost=0 blk=2 corrupt=0 failed=false
[236/300] django_19685_19844__steward__s1 n=3 done=2 lost=0 blk=1 corrupt=0 failed=false
[237/300] django_19685_19844__file_lock__s1 n=3 done=3 lost=0 blk=0 corrupt=0 failed=false
[238/300] django_19685_19844__occ__s1 n=3 done=3 lost=0 blk=0 corrupt=0 failed=false
[239/300] django_19685_19844__git_three_way__s1 n=3 done=3 lost=0 blk=0 corrupt=0 failed=false
[240/300] django_19685_19844__bare_composer__s1 n=3 done=2 lost=0 blk=1 corrupt=0 failed=false
[241/300] django_19688_20287__file_lock__s0 n=10 done=10 lost=0 blk=0 corrupt=0 failed=false
[242/300] django_19688_20287__steward__s0 n=10 done=10 lost=0 blk=0 corrupt=0 failed=false
[243/300] django_19688_20287__occ__s0 n=10 done=10 lost=0 blk=0 corrupt=0 failed=false
[244/300] django_19688_20287__git_three_way__s0 n=10 done=10 lost=0 blk=0 corrupt=0 failed=false
[245/300] django_19688_20287__bare_composer__s0 n=10 done=10 lost=0 blk=0 corrupt=0 failed=false
[246/300] django_19688_20287__file_lock__s1 n=10 done=10 lost=0 blk=0 corrupt=0 failed=false
[247/300] django_19688_20287__steward__s1 n=10 done=10 lost=0 blk=0 corrupt=0 failed=false
[248/300] django_19688_20287__occ__s1 n=10 done=10 lost=0 blk=0 corrupt=0 failed=false
[249/300] django_19688_20287__git_three_way__s1 n=10 done=10 lost=0 blk=0 corrupt=0 failed=false
[250/300] django_19688_20287__bare_composer__s1 n=10 done=10 lost=0 blk=0 corrupt=0 failed=false
[251/300] django_19732_19744__file_lock__s0 n=2 done=1 lost=0 blk=1 corrupt=0 failed=false
[252/300] django_19732_19744__steward__s0 n=2 done=1 lost=0 blk=1 corrupt=0 failed=false
[253/300] django_19732_19744__occ__s0 n=2 done=1 lost=0 blk=1 corrupt=0 failed=false
[254/300] django_19732_19744__git_three_way__s0 n=2 done=2 lost=0 blk=0 corrupt=0 failed=false
[255/300] django_19732_19744__bare_composer__s0 n=2 done=1 lost=0 blk=1 corrupt=0 failed=false
[256/300] django_19732_19744__steward__s1 n=2 done=1 lost=0 blk=1 corrupt=0 failed=false
[257/300] django_19732_19744__file_lock__s1 n=2 done=1 lost=0 blk=1 corrupt=0 failed=false
[258/300] django_19732_19744__occ__s1 n=2 done=1 lost=0 blk=1 corrupt=0 failed=false
[259/300] django_19732_19744__git_three_way__s1 n=2 done=2 lost=0 blk=0 corrupt=0 failed=false
[260/300] django_19732_19744__bare_composer__s1 n=2 done=1 lost=0 blk=1 corrupt=0 failed=false
[261/300] django_19793_19873__file_lock__s0 n=2 done=2 lost=0 blk=0 corrupt=0 failed=false
[262/300] django_19793_19873__steward__s0 n=2 done=1 lost=0 blk=1 corrupt=0 failed=false
[263/300] django_19793_19873__occ__s0 n=2 done=2 lost=0 blk=0 corrupt=0 failed=false
[264/300] django_19793_19873__git_three_way__s0 n=2 done=2 lost=0 blk=0 corrupt=0 failed=false
[265/300] django_19793_19873__bare_composer__s0 n=2 done=2 lost=0 blk=0 corrupt=0 failed=false
[266/300] django_19793_19873__file_lock__s1 n=2 done=2 lost=0 blk=0 corrupt=0 failed=false
[267/300] django_19793_19873__steward__s1 n=2 done=1 lost=0 blk=1 corrupt=0 failed=false
[268/300] django_19793_19873__occ__s1 n=2 done=2 lost=0 blk=0 corrupt=0 failed=false
[269/300] django_19793_19873__git_three_way__s1 n=2 done=1 lost=1 blk=0 corrupt=0 failed=true
[270/300] django_19793_19873__bare_composer__s1 n=2 done=1 lost=0 blk=1 corrupt=0 failed=false
[271/300] django_19794_20009__steward__s0 n=21 done=21 lost=0 blk=0 corrupt=0 failed=false
[272/300] django_19794_20009__file_lock__s0 n=21 done=21 lost=0 blk=0 corrupt=0 failed=false
[273/300] django_19794_20009__occ__s0 n=21 done=21 lost=0 blk=0 corrupt=0 failed=false
[274/300] django_19794_20009__git_three_way__s0 n=21 done=21 lost=0 blk=0 corrupt=0 failed=false
[275/300] django_19794_20009__bare_composer__s0 n=21 done=21 lost=0 blk=0 corrupt=0 failed=false
[276/300] django_19794_20009__steward__s1 n=21 done=21 lost=0 blk=0 corrupt=0 failed=false
[277/300] django_19794_20009__file_lock__s1 n=21 done=21 lost=0 blk=0 corrupt=0 failed=false
[278/300] django_19794_20009__occ__s1 n=21 done=21 lost=0 blk=0 corrupt=0 failed=false
[279/300] django_19794_20009__git_three_way__s1 n=21 done=21 lost=0 blk=0 corrupt=0 failed=false
[280/300] django_19794_20009__bare_composer__s1 n=21 done=13 lost=0 blk=8 corrupt=0 failed=false
[281/300] django_20055_20063__steward__s0 n=23 done=23 lost=0 blk=0 corrupt=0 failed=false
[282/300] django_20055_20063__file_lock__s0 n=23 done=23 lost=0 blk=0 corrupt=0 failed=false
[283/300] django_20055_20063__occ__s0 n=23 done=23 lost=0 blk=0 corrupt=0 failed=false
[284/300] django_20055_20063__git_three_way__s0 n=23 done=23 lost=0 blk=0 corrupt=0 failed=false
[285/300] django_20055_20063__bare_composer__s0 n=23 done=23 lost=0 blk=0 corrupt=0 failed=false
[286/300] django_20055_20063__steward__s1 n=23 done=23 lost=0 blk=0 corrupt=0 failed=false
[287/300] django_20055_20063__file_lock__s1 n=23 done=23 lost=0 blk=0 corrupt=0 failed=false
[288/300] django_20055_20063__occ__s1 n=23 done=23 lost=0 blk=0 corrupt=0 failed=false
[289/300] django_20055_20063__git_three_way__s1 n=23 done=23 lost=0 blk=0 corrupt=0 failed=false
[290/300] django_20086_20287__file_lock__s0 n=29 done=29 lost=0 blk=0 corrupt=0 failed=false
[291/300] django_20086_20287__steward__s0 n=29 done=29 lost=0 blk=0 corrupt=0 failed=false
[292/300] django_20055_20063__bare_composer__s1 n=23 done=23 lost=0 blk=0 corrupt=0 failed=false
[293/300] django_20086_20287__occ__s0 n=29 done=29 lost=0 blk=0 corrupt=0 failed=false
[294/300] django_20086_20287__git_three_way__s0 n=29 done=29 lost=0 blk=0 corrupt=0 failed=false
[295/300] django_20086_20287__bare_composer__s0 n=29 done=25 lost=0 blk=4 corrupt=0 failed=false
[296/300] django_20086_20287__file_lock__s1 n=29 done=29 lost=0 blk=0 corrupt=0 failed=false
[297/300] django_20086_20287__steward__s1 n=29 done=29 lost=0 blk=0 corrupt=0 failed=false
[298/300] django_20086_20287__occ__s1 n=29 done=29 lost=0 blk=0 corrupt=0 failed=false
[299/300] django_20086_20287__git_three_way__s1 n=29 done=29 lost=0 blk=0 corrupt=0 failed=false
[300/300] django_20086_20287__bare_composer__s1 n=29 done=29 lost=0 blk=0 corrupt=0 failed=false
