{
"old": {
"runs": 75,
"failed_runs": 5,
"lost_effects": 6,
"corrupted_files": 0,
"correct": 1580,
"blocked_intents": 1024,
"identity_ok": true,
"re_compose_events": 0,
"re_compose_success": 0
},
"fix": {
"runs": 75,
"failed_runs": 0,
"lost_effects": 0,
"corrupted_files": 0,
"correct": 1553,
"blocked_intents": 1057,
"identity_ok": true,
"re_compose_events": 16,
"re_compose_success": 2
},
"opt": {
"runs": 75,
"failed_runs": 0,
"lost_effects": 0,
"corrupted_files": 0,
"correct": 1748,
"blocked_intents": 862,
"identity_ok": true,
"re_compose_events": 91,
"re_compose_success": 24
},
"optlock": {
"runs": 75,
"failed_runs": 0,
"lost_effects": 0,
"corrupted_files": 0,
"correct": 1841,
"blocked_intents": 769,
"identity_ok": true,
"re_compose_events": 0,
"re_compose_success": 0
},
"optr0": {
"runs": 75,
"failed_runs": 0,
"lost_effects": 0,
"corrupted_files": 0,
"correct": 1718,
"blocked_intents": 892,
"identity_ok": true,
"re_compose_events": 85,
"re_compose_success": 0
},
"optr1": {
"runs": 75,
"failed_runs": 0,
"lost_effects": 0,
"corrupted_files": 0,
"correct": 1752,
"blocked_intents": 858,
"identity_ok": true,
"re_compose_events": 104,
"re_compose_success": 33
}
}
pin_mismatch [] unscored 0
