{
"q5": {
"runs": 150,
"failed_runs": 0,
"lost_effects": 0,
"corrupted_files": 0,
"correct": 3490,
"offered": 5220,
"blocked_intents": 1730,
"identity_ok": true,
"sqlite_exc_intents": 1,
"presence_left_files": 1
},
"q6": {
"runs": 150,
"failed_runs": 0,
"lost_effects": 0,
"corrupted_files": 0,
"correct": 3500,
"offered": 5220,
"blocked_intents": 1720,
"identity_ok": true,
"sqlite_exc_intents": 0,
"presence_left_files": 0
},
"nq6": {
"runs": 150,
"failed_runs": 0,
"lost_effects": 0,
"corrupted_files": 0,
"correct": 3458,
"offered": 5220,
"blocked_intents": 1762,
"identity_ok": true,
"sqlite_exc_intents": 0,
"presence_left_files": 0
}
}
pin_mismatch [] env_mismatch [] unscored 0 counterexamples {'replay_lost': 0, 'replay_corrupted': 0, 'matrix_lost': 0, 'matrix_corrupted': 0, 'faults_lost': 0, 'faults_frame_bad': 0, 'barrier_lost': 0}
