[1/25] xarray_8750_8758__file_lock__s0 n=18 done=5 lost=0 blk=13 corrupt=0 failed=false
[2/25] xarray_8750_8758__occ__s0 n=18 done=5 lost=0 blk=13 corrupt=0 failed=false
[3/25] xarray_8750_8758__steward__s0 n=18 done=5 lost=0 blk=13 corrupt=0 failed=false
[4/25] xarray_8750_8758__git_three_way__s0 n=18 done=5 lost=0 blk=13 corrupt=0 failed=false
[5/25] xarray_8750_8758__bare_composer__s0 n=18 done=16 lost=0 blk=2 corrupt=0 failed=false
[6/25] xarray_10137_10251__steward__s0 n=41 done=39 lost=0 blk=2 corrupt=0 failed=false
[7/25] xarray_10137_10251__file_lock__s0 n=41 done=39 lost=0 blk=2 corrupt=0 failed=false
[8/25] xarray_10137_10251__occ__s0 n=41 done=39 lost=0 blk=2 corrupt=0 failed=false
[9/25] xarray_10137_10251__git_three_way__s0 n=41 done=39 lost=0 blk=2 corrupt=0 failed=false
[10/25] xarray_10137_10251__bare_composer__s0 n=41 done=39 lost=0 blk=2 corrupt=0 failed=false
[11/25] sphinx_12796_12888__steward__s0 n=2 done=2 lost=0 blk=0 corrupt=0 failed=false
[12/25] sphinx_12796_12888__file_lock__s0 n=2 done=2 lost=0 blk=0 corrupt=0 failed=false
[13/25] sphinx_12796_12888__occ__s0 n=2 done=2 lost=0 blk=0 corrupt=0 failed=false
[14/25] sphinx_12796_12888__git_three_way__s0 n=2 done=1 lost=0 blk=1 corrupt=0 failed=false
[15/25] sphinx_12796_12888__bare_composer__s0 n=2 done=2 lost=0 blk=0 corrupt=0 failed=false
[16/25] fastapi_11194_12103__file_lock__s0 n=11 done=11 lost=0 blk=0 corrupt=0 failed=false
[17/25] fastapi_11194_12103__steward__s0 n=11 done=11 lost=0 blk=0 corrupt=0 failed=false
[18/25] fastapi_11194_12103__occ__s0 n=11 done=11 lost=0 blk=0 corrupt=0 failed=false
[19/25] fastapi_11194_12103__git_three_way__s0 n=11 done=11 lost=0 blk=0 corrupt=0 failed=false
[20/25] fastapi_11194_12103__bare_composer__s0 n=11 done=8 lost=0 blk=3 corrupt=0 failed=false
[21/25] django_17554_19685__file_lock__s0 n=74 done=74 lost=0 blk=0 corrupt=0 failed=false
[22/25] django_17554_19685__steward__s0 n=74 done=73 lost=0 blk=1 corrupt=0 failed=false
[23/25] django_17554_19685__occ__s0 n=74 done=74 lost=0 blk=0 corrupt=0 failed=false
[24/25] django_17554_19685__git_three_way__s0 n=74 done=74 lost=0 blk=0 corrupt=0 failed=false
[25/25] django_17554_19685__bare_composer__s0 n=74 done=73 lost=0 blk=1 corrupt=0 failed=false
