status 0
error undefined
stderr len 0
stdout len 6501
---stderr---

---stdout---
{
  "ok": true,
  "command": "bootstrap",
  "mode": "standalone",
  "cwd": "/tmp/derived-atoms-dbg-N2kdpW/shop",
  "messages": [
    {
      "level": "info",
      "code": "ATM_BOOTSTRAP_CREATED",
      "text": "ATM default bootstrap pack created.",
      "data": {}
    },
    {
      "level": "info",
      "code": "ATM_BOOTSTRAP_CHART_RENDERED",
      "text": "ATMChart rendered at .atm/memory/atm-chart.md.",
      "data": {}
    }
  ],
  "evidence": {
    "configPath": ".atm/config.json",
    "created": [
      ".atm/config.json",
      ".atm/runtime",
      ".atm/runtime/profile",
      ".atm/runtime/state",
      ".atm/runtime/locks",
      ".atm/runtime/rules",
      ".atm/runtime/budget",
      ".atm/history",
      ".atm/history/tasks",
      ".atm/runtime/evidence-ledger",
      ".atm/history/artifacts",
      ".atm/history/logs",
      ".atm/history/reports",
      ".atm/history/reports/context-budget",
      ".atm/history/reports/continuation",
      ".atm/history/reports/self-host-alpha",
      ".atm/history/reports/migrations",
      ".atm/history/handoff",
      ".atm/catalog",
      ".atm/catalog/index",
      ".atm/catalog/shards",
      ".atm/catalog/registry",
      ".atm/charter",
      "atm.mjs",
      ".atm/runtime/pinned-runner.json",
      ".atm/runtime/current-task.json",
      ".atm/runtime/project-probe.json",
      ".atm/runtime/default-guards.json",
      ".atm/history/tasks/BOOTSTRAP-0001.json",
      ".atm/runtime/locks/BOOTSTRAP-0001.lock.json",
      ".atm/runtime/evidence-ledger/bundles/BOOTSTRAP-0001.json",
      ".atm/history/reports/context-budget/bootstrap-bootstrap-BOOTSTRAP-0001.json",
      ".atm/history/reports/continuation/BOOTSTRAP-0001.json",
      ".atm/history/handoff/BOOTSTRAP-0001.json",
      ".atm/history/handoff/BOOTSTRAP-0001.md",
      "AGENTS.md",
      ".atm/runtime/profile/default.md",
      ".atm/history/handoff/INITIAL_SUMMARY.md",
      ".atm/charter/atomic-charter.md",
      ".atm/charter/atm-first-principles.md",
      ".atm/charter/charter-invariants.json",
      ".atm/scripts/sh/atm-next.sh",
      ".atm/scripts/ps/atm-next.ps1",
      ".atm/scripts/sh/atm-orient.sh",
      ".atm/scripts/ps/atm-orient.ps1",
      ".atm/scripts/sh/atm-create.sh",
      ".atm/scripts/ps/atm-create.ps1",
      ".atm/scripts/sh/atm-lock.sh",
      ".atm/scripts/ps/atm-lock.ps1",
      ".atm/scripts/sh/atm-evidence.sh",
      ".atm/scripts/ps/atm-evidence.ps1",
      ".atm/scripts/sh/atm-upgrade-scan.sh",
      ".atm/scripts/ps/atm-upgrade-scan.ps1",
      ".atm/scripts/sh/atm-handoff.sh",
      ".atm/scripts/ps/atm-handoff.ps1"
    ],
    "unchanged": [
      ".atm/config.json",
      ".atm/runtime/budget/default-policy.json"
    ],
    "adapterMode": "standalone",
    "adapterImplemented": false,
    "adoptedProfile": "default",
    "bootstrapTaskPath": ".atm/history/tasks/BOOTSTRAP-0001.json",
    "bootstrapLockPath": ".atm/runtime/locks/BOOTSTRAP-0001.lock.json",
    "agentInstructionsPath": "AGENTS.md",
    "profilePath": ".atm/runtime/profile/default.md",
    "projectProbePath": ".atm/runtime/project-probe.json",
    "defaultGuardsPath": ".atm/runtime/default-guards.json",
    "evidencePath": ".atm/runtime/evidence-ledger/bundles/BOOTSTRAP-0001.json",
    "contextBudgetPolicyPath": ".atm/runtime/budget/default-policy.json",
    "contextBudgetReportPath": ".atm/history/reports/context-budget/bootstrap-bootstrap-BOOTSTRAP-0001.json",
    "contextSummaryPath": ".atm/history/handoff/BOOTSTRAP-0001.json",
    "contextSummaryMarkdownPath": ".atm/history/handoff/BOOTSTRAP-0001.md",
    "continuationReportPath": ".atm/history/reports/continuation/BOOTSTRAP-0001.json",
    "recommendedPrompt": "Read README.md if present, then run `node atm.mjs next --prompt \"<current user prompt>\" --json` from the repository root before task work. If there is no current user prompt and you are only checking repository orientation, `node atm.mjs next --json` is read-only status. If the result includes ATM_U
