[1/25] sympy_26412_26438__occ__s0 n=8 done=6 lost=0 blk=2 corrupt=0 failed=false
[2/25] sympy_26412_26438__file_lock__s0 n=8 done=6 lost=0 blk=2 corrupt=0 failed=false
[3/25] sympy_26412_26438__steward__s0 n=8 done=6 lost=0 blk=2 corrupt=0 failed=false
[4/25] sympy_26412_26438__git_three_way__s0 n=8 done=6 lost=0 blk=2 corrupt=0 failed=false
[5/25] sympy_26412_26438__bare_composer__s0 n=8 done=6 lost=0 blk=2 corrupt=0 failed=false
[6/25] sympy_26412_26438__steward__s1 n=8 done=6 lost=0 blk=2 corrupt=0 failed=false
[7/25] sympy_26412_26438__file_lock__s1 n=8 done=6 lost=0 blk=2 corrupt=0 failed=false
[8/25] sympy_26412_26438__occ__s1 n=8 done=6 lost=0 blk=2 corrupt=0 failed=false
[9/25] sympy_26412_26438__git_three_way__s1 n=8 done=6 lost=0 blk=2 corrupt=0 failed=false
[10/25] sympy_26412_26438__bare_composer__s1 n=8 done=6 lost=0 blk=2 corrupt=0 failed=false
[11/25] sympy_26412_26438__steward__s2 n=8 done=4 lost=0 blk=4 corrupt=0 failed=false
[12/25] sympy_26412_26438__file_lock__s2 n=8 done=4 lost=0 blk=4 corrupt=0 failed=false
[13/25] sympy_26412_26438__occ__s2 n=8 done=4 lost=0 blk=4 corrupt=0 failed=false
[14/25] sympy_26412_26438__git_three_way__s2 n=8 done=4 lost=0 blk=4 corrupt=0 failed=false
[15/25] sympy_26412_26438__bare_composer__s2 n=8 done=6 lost=0 blk=2 corrupt=0 failed=false
[16/25] sympy_26412_26438__steward__s3 n=8 done=6 lost=0 blk=2 corrupt=0 failed=false
[17/25] sympy_26412_26438__file_lock__s3 n=8 done=6 lost=0 blk=2 corrupt=0 failed=false
[18/25] sympy_26412_26438__occ__s3 n=8 done=6 lost=0 blk=2 corrupt=0 failed=false
[19/25] sympy_26412_26438__git_three_way__s3 n=8 done=6 lost=0 blk=2 corrupt=0 failed=false
[20/25] sympy_26412_26438__bare_composer__s3 n=8 done=6 lost=0 blk=2 corrupt=0 failed=false
[21/25] sympy_26412_26438__file_lock__s4 n=8 done=6 lost=0 blk=2 corrupt=0 failed=false
[22/25] sympy_26412_26438__steward__s4 n=8 done=6 lost=0 blk=2 corrupt=0 failed=false
[23/25] sympy_26412_26438__occ__s4 n=8 done=6 lost=0 blk=2 corrupt=0 failed=false
[24/25] sympy_26412_26438__git_three_way__s4 n=8 done=6 lost=0 blk=2 corrupt=0 failed=false
[25/25] sympy_26412_26438__bare_composer__s4 n=8 done=6 lost=0 blk=2 corrupt=0 failed=false
